Component: ARM Compiler 5.06 update 6 (build 750) Tool: armlink [4d35ed]

==============================================================================

Section Cross References

    usbh_msc.o(i.USBH_MSC_ClassRequest) refers to usbh_msc_bot.o(i.USBH_MSC_BOT_REQ_GetMaxLUN) for USBH_MSC_BOT_REQ_GetMaxLUN
    usbh_msc.o(i.USBH_MSC_ClassRequest) refers to usbh_ctlreq.o(i.USBH_ClrFeature) for USBH_ClrFeature
    usbh_msc.o(i.USBH_MSC_GetLUNInfo) refers to memcpya.o(.text) for __aeabi_memcpy4
    usbh_msc.o(i.USBH_MSC_InterfaceDeInit) refers to usbh_pipes.o(i.USBH_ClosePipe) for USBH_ClosePipe
    usbh_msc.o(i.USBH_MSC_InterfaceDeInit) refers to usbh_pipes.o(i.USBH_FreePipe) for USBH_FreePipe
    usbh_msc.o(i.USBH_MSC_InterfaceDeInit) refers to malloc.o(i.free) for free
    usbh_msc.o(i.USBH_MSC_InterfaceInit) refers to usbh_core.o(i.USBH_FindInterface) for USBH_FindInterface
    usbh_msc.o(i.USBH_MSC_InterfaceInit) refers to usbh_core.o(i.USBH_SelectInterface) for USBH_SelectInterface
    usbh_msc.o(i.USBH_MSC_InterfaceInit) refers to malloc.o(i.malloc) for malloc
    usbh_msc.o(i.USBH_MSC_InterfaceInit) refers to usbh_pipes.o(i.USBH_AllocPipe) for USBH_AllocPipe
    usbh_msc.o(i.USBH_MSC_InterfaceInit) refers to usbh_msc_bot.o(i.USBH_MSC_BOT_Init) for USBH_MSC_BOT_Init
    usbh_msc.o(i.USBH_MSC_InterfaceInit) refers to memseta.o(.text) for __aeabi_memclr4
    usbh_msc.o(i.USBH_MSC_InterfaceInit) refers to usbh_pipes.o(i.USBH_OpenPipe) for USBH_OpenPipe
    usbh_msc.o(i.USBH_MSC_InterfaceInit) refers to usbh_conf.o(i.USBH_LL_SetToggle) for USBH_LL_SetToggle
    usbh_msc.o(i.USBH_MSC_Process) refers to usbh_msc_scsi.o(i.USBH_MSC_SCSI_Inquiry) for USBH_MSC_SCSI_Inquiry
    usbh_msc.o(i.USBH_MSC_Process) refers to usbh_msc_scsi.o(i.USBH_MSC_SCSI_TestUnitReady) for USBH_MSC_SCSI_TestUnitReady
    usbh_msc.o(i.USBH_MSC_Process) refers to usbh_msc_scsi.o(i.USBH_MSC_SCSI_ReadCapacity) for USBH_MSC_SCSI_ReadCapacity
    usbh_msc.o(i.USBH_MSC_Process) refers to usbh_msc_scsi.o(i.USBH_MSC_SCSI_RequestSense) for USBH_MSC_SCSI_RequestSense
    usbh_msc.o(i.USBH_MSC_RdWrProcess) refers to usbh_msc_scsi.o(i.USBH_MSC_SCSI_Read) for USBH_MSC_SCSI_Read
    usbh_msc.o(i.USBH_MSC_RdWrProcess) refers to usbh_msc_scsi.o(i.USBH_MSC_SCSI_Write) for USBH_MSC_SCSI_Write
    usbh_msc.o(i.USBH_MSC_RdWrProcess) refers to usbh_msc_scsi.o(i.USBH_MSC_SCSI_RequestSense) for USBH_MSC_SCSI_RequestSense
    usbh_msc.o(i.USBH_MSC_Read) refers to usbh_msc_scsi.o(i.USBH_MSC_SCSI_Read) for USBH_MSC_SCSI_Read
    usbh_msc.o(i.USBH_MSC_Read) refers to usbh_msc.o(i.USBH_MSC_RdWrProcess) for USBH_MSC_RdWrProcess
    usbh_msc.o(i.USBH_MSC_Write) refers to usbh_msc_scsi.o(i.USBH_MSC_SCSI_Write) for USBH_MSC_SCSI_Write
    usbh_msc.o(i.USBH_MSC_Write) refers to usbh_msc.o(i.USBH_MSC_RdWrProcess) for USBH_MSC_RdWrProcess
    usbh_msc.o(.data) refers to usbh_msc.o(.conststring) for .conststring
    usbh_msc.o(.data) refers to usbh_msc.o(i.USBH_MSC_InterfaceInit) for USBH_MSC_InterfaceInit
    usbh_msc.o(.data) refers to usbh_msc.o(i.USBH_MSC_InterfaceDeInit) for USBH_MSC_InterfaceDeInit
    usbh_msc.o(.data) refers to usbh_msc.o(i.USBH_MSC_ClassRequest) for USBH_MSC_ClassRequest
    usbh_msc.o(.data) refers to usbh_msc.o(i.USBH_MSC_Process) for USBH_MSC_Process
    usbh_msc.o(.data) refers to usbh_msc.o(i.USBH_MSC_SOFProcess) for USBH_MSC_SOFProcess
    usbh_msc_bot.o(i.USBH_MSC_BOT_Abort) refers to usbh_ctlreq.o(i.USBH_ClrFeature) for USBH_ClrFeature
    usbh_msc_bot.o(i.USBH_MSC_BOT_Process) refers to usbh_conf.o(i.USBH_LL_GetURBState) for USBH_LL_GetURBState
    usbh_msc_bot.o(i.USBH_MSC_BOT_Process) refers to usbh_ioreq.o(i.USBH_BulkReceiveData) for USBH_BulkReceiveData
    usbh_msc_bot.o(i.USBH_MSC_BOT_Process) refers to usbh_ioreq.o(i.USBH_BulkSendData) for USBH_BulkSendData
    usbh_msc_bot.o(i.USBH_MSC_BOT_Process) refers to usbh_conf.o(i.USBH_LL_GetLastXferSize) for USBH_LL_GetLastXferSize
    usbh_msc_bot.o(i.USBH_MSC_BOT_Process) refers to usbh_msc_bot.o(i.USBH_MSC_BOT_Abort) for USBH_MSC_BOT_Abort
    usbh_msc_bot.o(i.USBH_MSC_BOT_Process) refers to usbh_conf.o(i.USBH_LL_GetToggle) for USBH_LL_GetToggle
    usbh_msc_bot.o(i.USBH_MSC_BOT_Process) refers to usbh_conf.o(i.USBH_LL_SetToggle) for USBH_LL_SetToggle
    usbh_msc_bot.o(i.USBH_MSC_BOT_Process) refers to usbh_msc_bot.o(i.USBH_MSC_BOT_REQ_Reset) for USBH_MSC_BOT_REQ_Reset
    usbh_msc_bot.o(i.USBH_MSC_BOT_REQ_GetMaxLUN) refers to usbh_ctlreq.o(i.USBH_CtlReq) for USBH_CtlReq
    usbh_msc_bot.o(i.USBH_MSC_BOT_REQ_Reset) refers to usbh_ctlreq.o(i.USBH_CtlReq) for USBH_CtlReq
    usbh_msc_scsi.o(i.USBH_MSC_SCSI_Inquiry) refers to usbh_msc_bot.o(i.USBH_MSC_BOT_Process) for USBH_MSC_BOT_Process
    usbh_msc_scsi.o(i.USBH_MSC_SCSI_Inquiry) refers to memseta.o(.text) for __aeabi_memclr
    usbh_msc_scsi.o(i.USBH_MSC_SCSI_Inquiry) refers to memcpya.o(.text) for __aeabi_memcpy
    usbh_msc_scsi.o(i.USBH_MSC_SCSI_Read) refers to usbh_msc_bot.o(i.USBH_MSC_BOT_Process) for USBH_MSC_BOT_Process
[...]
    cmp_lfn                                  0x080052c9   Thumb Code   124  ff.o(i.cmp_lfn)
    i.create_chain                           0x08005348   Section        0  ff.o(i.create_chain)
    create_chain                             0x08005349   Thumb Code   164  ff.o(i.create_chain)
    i.create_name                            0x080053ec   Section        0  ff.o(i.create_name)
    create_name                              0x080053ed   Thumb Code   494  ff.o(i.create_name)
    i.dec_lock                               0x080055f4   Section        0  ff.o(i.dec_lock)
    dec_lock                                 0x080055f5   Thumb Code    48  ff.o(i.dec_lock)
    i.dir_find                               0x08005628   Section        0  ff.o(i.dir_find)
    dir_find                                 0x08005629   Thumb Code   208  ff.o(i.dir_find)
    i.dir_next                               0x080056f8   Section        0  ff.o(i.dir_next)
    dir_next                                 0x080056f9   Thumb Code   244  ff.o(i.dir_next)
    i.dir_register                           0x080057ec   Section        0  ff.o(i.dir_register)
    dir_register                             0x080057ed   Thumb Code   480  ff.o(i.dir_register)
    i.dir_sdi                                0x080059d0   Section        0  ff.o(i.dir_sdi)
    dir_sdi                                  0x080059d1   Thumb Code   130  ff.o(i.dir_sdi)
    i.disk_initialize                        0x08005a54   Section        0  diskio.o(i.disk_initialize)
    i.disk_ioctl                             0x08005a7c   Section        0  diskio.o(i.disk_ioctl)
    i.disk_read                              0x08005a98   Section        0  diskio.o(i.disk_read)
    i.disk_status                            0x08005ab4   Section        0  diskio.o(i.disk_status)
    i.disk_write                             0x08005acc   Section        0  diskio.o(i.disk_write)
    i.f_close                                0x08005ae8   Section        0  ff.o(i.f_close)
    i.f_mount                                0x08005b10   Section        0  ff.o(i.f_mount)
    i.f_open                                 0x08005b68   Section        0  ff.o(i.f_open)
    i.f_sync                                 0x08005dac   Section        0  ff.o(i.f_sync)
    i.f_write                                0x08005e3a   Section        0  ff.o(i.f_write)
    i.ff_convert                             0x08005fc8   Section        0  unicode.o(i.ff_convert)
    i.ff_memalloc                            0x08006000   Section        0  syscall.o(i.ff_memalloc)
    i.ff_memfree                             0x08006004   Section        0  syscall.o(i.ff_memfree)
    i.ff_wtoupper                            0x08006008   Section        0  unicode.o(i.ff_wtoupper)
    i.find_volume                            0x08006088   Section        0  ff.o(i.find_volume)
    find_volume                              0x08006089   Thumb Code   582  ff.o(i.find_volume)
    i.follow_path                            0x080062dc   Section        0  ff.o(i.follow_path)
    follow_path                              0x080062dd   Thumb Code   116  ff.o(i.follow_path)
    i.free                                   0x08006350   Section        0  malloc.o(i.free)
    i.gen_numname                            0x080063a0   Section        0  ff.o(i.gen_numname)
    gen_numname                              0x080063a1   Thumb Code   122  ff.o(i.gen_numname)
    i.get_fat                                0x08006420   Section        0  ff.o(i.get_fat)
    get_fat                                  0x08006421   Thumb Code   190  ff.o(i.get_fat)
    i.get_fattime                            0x080064de   Section        0  diskio.o(i.get_fattime)
    i.get_ldnumber                           0x080064e2   Section        0  ff.o(i.get_ldnumber)
    get_ldnumber                             0x080064e3   Thumb Code    60  ff.o(i.get_ldnumber)
    i.inc_lock                               0x08006520   Section        0  ff.o(i.inc_lock)
    inc_lock                                 0x08006521   Thumb Code   124  ff.o(i.inc_lock)
    i.ld_clust                               0x080065a0   Section        0  ff.o(i.ld_clust)
    ld_clust                                 0x080065a1   Thumb Code    38  ff.o(i.ld_clust)
    i.ld_dword                               0x080065c6   Section        0  ff.o(i.ld_dword)
    ld_dword                                 0x080065c7   Thumb Code    22  ff.o(i.ld_dword)
    i.ld_word                                0x080065dc   Section        0  ff.o(i.ld_word)
    ld_word                                  0x080065dd   Thumb Code    10  ff.o(i.ld_word)
    i.main                                   0x080065e8   Section        0  main.o(i.main)
    i.malloc                                 0x08006668   Section        0  malloc.o(i.malloc)
    i.mem_cpy                                0x080066d4   Section        0  ff.o(i.mem_cpy)
    mem_cpy                                  0x080066d5   Thumb Code    18  ff.o(i.mem_cpy)
    i.mem_set                                0x080066e8   Section        0  ff.o(i.mem_set)
    mem_set                                  0x080066e9   Thumb Code    14  ff.o(i.mem_set)
    i.move_window                            0x080066f6   Section        0  ff.o(i.move_window)
    move_window                              0x080066f7   Thumb Code    50  ff.o(i.move_window)
    i.put_fat                                0x08006728   Section        0  ff.o(i.put_fat)
    put_fat                                  0x08006729   Thumb Code   234  ff.o(i.put_fat)
    i.remove_chain                           0x08006812   Section        0  ff.o(i.remove_chain)
    remove_chain                             0x08006813   Thumb Code   116  ff.o(i.remove_chain)
    i.st_clust                               0x08006886   Section        0  ff.o(i.st_clust)
    st_clust                                 0x08006887   Thumb Code    40  ff.o(i.st_clust)
    i.st_dword                               0x080068ae   Section        0  ff.o(i.st_dword)
    st_dword                                 0x080068af   Thumb Code    16  ff.o(i.st_dword)
    i.st_word                                0x080068be   Section        0  ff.o(i.st_word)
    st_word                                  0x080068bf   Thumb Code     8  ff.o(i.st_word)
    i.sum_sfn                                0x080068c6   Section        0  ff.o(i.sum_sfn)
    sum_sfn                                  0x080068c7   Thumb Code    26  ff.o(i.sum_sfn)
    i.sync_fs                                0x080068e0   Section        0  ff.o(i.sync_fs)
    sync_fs                                  0x080068e1   Thumb Code   126  ff.o(i.sync_fs)
    i.sync_window                            0x08006968   Section        0  ff.o(i.sync_window)
    sync_window                              0x08006969   Thumb Code    82  ff.o(i.sync_window)
    i.validate                               0x080069ba   Section        0  ff.o(i.validate)
    validate                                 0x080069bb   Thumb Code    50  ff.o(i.validate)
    .constdata                               0x080069ec   Section       20  usbh_diskio_dma.o(.constdata)
    .constdata                               0x08006a00   Section      942  unicode.o(.constdata)
    Tbl                                      0x08006a00   Data         256  unicode.o(.constdata)
    cvt1                                     0x08006b00   Data         498  unicode.o(.constdata)
    cvt2                                     0x08006cf2   Data         188  unicode.o(.constdata)
    .constdata                               0x08006dae   Section       12  stm32f4_discovery.o(.constdata)
    .constdata                               0x08006dba   Section       16  system_stm32f4xx.o(.constdata)
    .constdata                               0x08006dcc   Section       50  main.o(.constdata)
    .constdata                               0x08006dfe   Section      170  ff.o(.constdata)
    ExCvt                                    0x08006dfe   Data         128  ff.o(.constdata)
    LfnOfs                                   0x08006e7e   Data          13  ff.o(.constdata)
    cst                                      0x08006e8c   Data          14  ff.o(.constdata)
    cst32                                    0x08006e9a   Data          14  ff.o(.constdata)
    .conststring                             0x08006ea8   Section        4  usbh_msc.o(.conststring)
    .data                                    0x20000000   Section       32  usbh_msc.o(.data)
    .data                                    0x20000020   Section       12  stm32f4xx_hal.o(.data)
    .data                                    0x2000002c   Section       28  stm32f4_discovery.o(.data)
    .data                                    0x20000048   Section        4  stm32f4_discovery_accelerometer.o(.data)
    AcceleroDrv                              0x20000048   Data           4  stm32f4_discovery_accelerometer.o(.data)
    .data                                    0x2000004c   Section       52  lis302dl.o(.data)
    .data                                    0x20000080   Section       52  lis3dsh.o(.data)
    .data                                    0x200000b4   Section        4  system_stm32f4xx.o(.data)
    .data                                    0x200000b8   Section        5  main.o(.data)
    .data                                    0x200000c0   Section       12  ff.o(.data)
    Fsid                                     0x200000c0   Data           2  ff.o(.data)
    FatFs                                    0x200000c4   Data           8  ff.o(.data)
    .data                                    0x200000cc   Section        4  mvars.o(.data)
    .data                                    0x200000d0   Section        4  mvars.o(.data)
    .bss                                     0x200000d4   Section      512  usbh_diskio_dma.o(.bss)
    scratch                                  0x200000d4   Data         512  usbh_diskio_dma.o(.bss)
    .bss                                     0x200002d4   Section      172  stm32f4_discovery.o(.bss)
    SpiHandle                                0x200002d4   Data          88  stm32f4_discovery.o(.bss)
    I2cHandle                                0x2000032c   Data          84  stm32f4_discovery.o(.bss)
    .bss                                     0x20000380   Section      664  usbh_conf.o(.bss)
    .bss                                     0x20000618   Section     1836  main.o(.bss)
    .bss                                     0x20000d44   Section       32  ff.o(.bss)
    Files                                    0x20000d44   Data          32  ff.o(.bss)
    .bss                                     0x20000d64   Section       16  ff_gen_drv.o(.bss)
    HEAP                                     0x20000d78   Section     1024  startup_stm32f407xx.o(HEAP)
    STACK                                    0x20001178   Section     2048  startup_stm32f407xx.o(STACK)

    Global Symbols

    Symbol Name                              Value     Ov Type        Size  Object(Section)

    BuildAttributes$$THM_ISAv4$E$P$D$K$B$S$7EM$VFPi3$EXTD16$VFPS$VFMA$PE$A:L22UL41UL21$X:L11$S22US41US21$IEEE1$IW$USESV6$~STKCKD$USESV7$~SHL$OSPACE$ROPI$EBA8$MICROLIB$REQ8$PRES8$EABIv2 0x00000000   Number         0  anon$$obj.o ABSOLUTE
    __ARM_use_no_argv                        0x00000000   Number         0  main.o ABSOLUTE
    _printf_a                                0x00000000   Number         0  stubs.o ABSOLUTE
    _printf_c                                0x00000000   Number         0  stubs.o ABSOLUTE
    _printf_charcount                        0x00000000   Number         0  stubs.o ABSOLUTE
    _printf_d                                0x00000000   Number         0  stubs.o ABSOLUTE
    _printf_e                                0x00000000   Number         0  stubs.o ABSOLUTE
    _printf_f                                0x00000000   Number         0  stubs.o ABSOLUTE
    _printf_flags                            0x00000000   Number         0  stubs.o ABSOLUTE
    _printf_fp_dec                           0x00000000   Number         0  stubs.o ABSOLUTE
    _printf_fp_hex                           0x00000000   Number         0  stubs.o ABSOLUTE
    _printf_g                                0x00000000   Number         0  stubs.o ABSOLUTE
    _printf_i                                0x00000000   Number         0  stubs.o ABSOLUTE
    _printf_int_dec                          0x00000000   Number         0  stubs.o ABSOLUTE
    _printf_l                                0x00000000   Number         0  stubs.o ABSOLUTE
    _printf_lc                               0x00000000   Number         0  stubs.o ABSOLUTE
    _printf_ll                               0x00000000   Number         0  stubs.o ABSOLUTE
    _printf_lld                              0x00000000   Number         0  stubs.o ABSOLUTE
    _printf_lli                              0x00000000   Number         0  stubs.o ABSOLUTE
    _printf_llo                              0x00000000   Number         0  stubs.o ABSOLUTE
    _printf_llu                              0x00000000   Number         0  stubs.o ABSOLUTE
    _printf_llx                              0x00000000   Number         0  stubs.o ABSOLUTE
    _printf_longlong_dec                     0x00000000   Number         0  stubs.o ABSOLUTE
    _printf_longlong_hex                     0x00000000   Number         0  stubs.o ABSOLUTE
    _printf_longlong_oct                     0x00000000   Number         0  stubs.o ABSOLUTE
    _printf_ls                               0x00000000   Number         0  stubs.o ABSOLUTE
    _printf_mbtowc                           0x00000000   Number         0  stubs.o ABSOLUTE
    _printf_n                                0x00000000   Number         0  stubs.o ABSOLUTE
    _printf_o                                0x00000000   Number         0  stubs.o ABSOLUTE
    _printf_p                                0x00000000   Number         0  stubs.o ABSOLUTE
    _printf_percent                          0x00000000   Number         0  stubs.o ABSOLUTE
    _printf_pre_padding                      0x00000000   Number         0  stubs.o ABSOLUTE
    _printf_return_value                     0x00000000   Number         0  stubs.o ABSOLUTE
    _printf_s                                0x00000000   Number         0  stubs.o ABSOLUTE
    _printf_sizespec                         0x00000000   Number         0  stubs.o ABSOLUTE
    _printf_str                              0x00000000   Number         0  stubs.o ABSOLUTE
    _printf_truncate_signed                  0x00000000   Number         0  stubs.o ABSOLUTE
    _printf_truncate_unsigned                0x00000000   Number         0  stubs.o ABSOLUTE
    _printf_u                                0x00000000   Number         0  stubs.o ABSOLUTE
    _printf_wc                               0x00000000   Number         0  stubs.o ABSOLUTE
    _printf_wctomb                           0x00000000   Number         0  stubs.o ABSOLUTE
    _printf_widthprec                        0x00000000   Number         0  stubs.o ABSOLUTE
    _printf_x                                0x00000000   Number         0  stubs.o ABSOLUTE
    __cpp_initialize__aeabi_                  - Undefined Weak Reference
    __cxa_finalize                            - Undefined Weak Reference
    __decompress                              - Undefined Weak Reference
    _clock_init                               - Undefined Weak Reference
    _microlib_exit                            - Undefined Weak Reference
    __Vectors_Size                           0x00000188   Number         0  startup_stm32f407xx.o ABSOLUTE
    __Vectors                                0x08000000   Data           4  startup_stm32f407xx.o(RESET)
    __Vectors_End                            0x08000188   Data           0  startup_stm32f407xx.o(RESET)
    __main                                   0x08000189   Thumb Code     0  entry.o(.ARM.Collect$$$$00000000)
    _main_stk                                0x08000189   Thumb Code     0  entry2.o(.ARM.Collect$$$$00000001)
    _main_scatterload                        0x0800018d   Thumb Code     0  entry5.o(.ARM.Collect$$$$00000004)
    __main_after_scatterload                 0x08000191   Thumb Code     0  entry5.o(.ARM.Collect$$$$00000004)
    _main_clock                              0x08000191   Thumb Code     0  entry7b.o(.ARM.Collect$$$$00000008)
    _main_cpp_init                           0x08000191   Thumb Code     0  entry8b.o(.ARM.Collect$$$$0000000A)
    _main_init                               0x08000191   Thumb Code     0  entry9a.o(.ARM.Collect$$$$0000000B)
    __rt_final_cpp                           0x08000199   Thumb Code     0  entry10a.o(.ARM.Collect$$$$0000000D)
    __rt_final_exit                          0x08000199   Thumb Code     0  entry11a.o(.ARM.Collect$$$$0000000F)
    Reset_Handler                            0x0800019d   Thumb Code     8  startup_stm32f407xx.o(.text)
    ADC_IRQHandler                           0x080001b7   Thumb Code     0  startup_stm32f407xx.o(.text)
    CAN1_RX0_IRQHandler                      0x080001b7   Thumb Code     0  startup_stm32f407xx.o(.text)
    CAN1_RX1_IRQHandler                      0x080001b7   Thumb Code     0  startup_stm32f407xx.o(.text)
    CAN1_SCE_IRQHandler                      0x080001b7   Thumb Code     0  startup_stm32f407xx.o(.text)
    CAN1_TX_IRQHandler                       0x080001b7   Thumb Code     0  startup_stm32f407xx.o(.text)
    CAN2_RX0_IRQHandler                      0x080001b7   Thumb Code     0  startup_stm32f407xx.o(.text)
    CAN2_RX1_IRQHandler                      0x080001b7   Thumb Code     0  startup_stm32f407xx.o(.text)
    CAN2_SCE_IRQHandler                      0x080001b7   Thumb Code     0  startup_stm32f407xx.o(.text)
    CAN2_TX_IRQHandler                       0x080001b7   Thumb Code     0  startup_stm32f407xx.o(.text)
    DCMI_IRQHandler                          0x080001b7   Thumb Code     0  startup_stm32f407xx.o(.text)
    DMA1_Stream0_IRQHandler                  0x080001b7   Thumb Code     0  startup_stm32f407xx.o(.text)
    DMA1_Stream1_IRQHandler                  0x080001b7   Thumb Code     0  startup_stm32f407xx.o(.text)
    DMA1_Stream2_IRQHandler                  0x080001b7   Thumb Code     0  startup_stm32f407xx.o(.text)
    DMA1_Stream3_IRQHandler                  0x080001b7   Thumb Code     0  startup_stm32f407xx.o(.text)
    DMA1_Stream4_IRQHandler                  0x080001b7   Thumb Code     0  startup_stm32f407xx.o(.text)
    DMA1_Stream5_IRQHandler                  0x080001b7   Thumb Code     0  startup_stm32f407xx.o(.text)
    DMA1_Stream6_IRQHandler                  0x080001b7   Thumb Code     0  startup_stm32f407xx.o(.text)
    DMA1_Stream7_IRQHandler                  0x080001b7   Thumb Code     0  startup_stm32f407xx.o(.text)
    DMA2_Stream0_IRQHandler                  0x080001b7   Thumb Code     0  startup_stm32f407xx.o(.text)
    DMA2_Stream1_IRQHandler                  0x080001b7   Thumb Code     0  startup_stm32f407xx.o(.text)
    DMA2_Stream2_IRQHandler                  0x080001b7   Thumb Code     0  startup_stm32f407xx.o(.text)
    DMA2_Stream3_IRQHandler                  0x080001b7   Thumb Code     0  startup_stm32f407xx.o(.text)
    DMA2_Stream4_IRQHandler                  0x080001b7   Thumb Code     0  startup_stm32f407xx.o(.text)
    DMA2_Stream5_IRQHandler                  0x080001b7   Thumb Code     0  startup_stm32f407xx.o(.text)
    DMA2_Stream6_IRQHandler                  0x080001b7   Thumb Code     0  startup_stm32f407xx.o(.text)
    DMA2_Stream7_IRQHandler                  0x080001b7   Thumb Code     0  startup_stm32f407xx.o(.text)
    ETH_IRQHandler                           0x080001b7   Thumb Code     0  startup_stm32f407xx.o(.text)
    ETH_WKUP_IRQHandler                      0x080001b7   Thumb Code     0  startup_stm32f407xx.o(.text)
    EXTI15_10_IRQHandler                     0x080001b7   Thumb Code     0  startup_stm32f407xx.o(.text)
    EXTI1_IRQHandler                         0x080001b7   Thumb Code     0  startup_stm32f407xx.o(.text)
    EXTI2_IRQHandler                         0x080001b7   Thumb Code     0  startup_stm32f407xx.o(.text)
    EXTI3_IRQHandler                         0x080001b7   Thumb Code     0  startup_stm32f407xx.o(.text)
    EXTI4_IRQHandler                         0x080001b7   Thumb Code     0  startup_stm32f407xx.o(.text)
    EXTI9_5_IRQHandler                       0x080001b7   Thumb Code     0  startup_stm32f407xx.o(.text)
    FLASH_IRQHandler                         0x080001b7   Thumb Code     0  startup_stm32f407xx.o(.text)
    FMC_IRQHandler                           0x080001b7   Thumb Code     0  startup_stm32f407xx.o(.text)
    FPU_IRQHandler                           0x080001b7   Thumb Code     0  startup_stm32f407xx.o(.text)
    HASH_RNG_IRQHandler                      0x080001b7   Thumb Code     0  startup_stm32f407xx.o(.text)
    I2C1_ER_IRQHandler                       0x080001b7   Thumb Code     0  startup_stm32f407xx.o(.text)
    I2C1_EV_IRQHandler                       0x080001b7   Thumb Code     0  startup_stm32f407xx.o(.text)
    I2C2_ER_IRQHandler                       0x080001b7   Thumb Code     0  startup_stm32f407xx.o(.text)
    I2C2_EV_IRQHandler                       0x080001b7   Thumb Code     0  startup_stm32f407xx.o(.text)
    I2C3_ER_IRQHandler                       0x080001b7   Thumb Code     0  startup_stm32f407xx.o(.text)
    I2C3_EV_IRQHandler                       0x080001b7   Thumb Code     0  startup_stm32f407xx.o(.text)
    OTG_FS_WKUP_IRQHandler                   0x080001b7   Thumb Code     0  startup_stm32f407xx.o(.text)
    OTG_HS_EP1_IN_IRQHandler                 0x080001b7   Thumb Code     0  startup_stm32f407xx.o(.text)
    OTG_HS_EP1_OUT_IRQHandler                0x080001b7   Thumb Code     0  startup_stm32f407xx.o(.text)
    OTG_HS_IRQHandler                        0x080001b7   Thumb Code     0  startup_stm32f407xx.o(.text)
    OTG_HS_WKUP_IRQHandler                   0x080001b7   Thumb Code     0  startup_stm32f407xx.o(.text)
    PVD_IRQHandler                           0x080001b7   Thumb Code     0  startup_stm32f407xx.o(.text)
    RCC_IRQHandler                           0x080001b7   Thumb Code     0  startup_stm32f407xx.o(.text)
    RTC_Alarm_IRQHandler                     0x080001b7   Thumb Code     0  startup_stm32f407xx.o(.text)
    RTC_WKUP_IRQHandler                      0x080001b7   Thumb Code     0  startup_stm32f407xx.o(.text)
    SDIO_IRQHandler                          0x080001b7   Thumb Code     0  startup_stm32f407xx.o(.text)
    SPI1_IRQHandler                          0x080001b7   Thumb Code     0  startup_stm32f407xx.o(.text)
    SPI2_IRQHandler                          0x080001b7   Thumb Code     0  startup_stm32f407xx.o(.text)
    SPI3_IRQHandler                          0x080001b7   Thumb Code     0  startup_stm32f407xx.o(.text)
    TAMP_STAMP_IRQHandler                    0x080001b7   Thumb Code     0  startup_stm32f407xx.o(.text)
    TIM1_BRK_TIM9_IRQHandler                 0x080001b7   Thumb Code     0  startup_stm32f407xx.o(.text)
    TIM1_CC_IRQHandler                       0x080001b7   Thumb Code     0  startup_stm32f407xx.o(.text)
    TIM1_TRG_COM_TIM11_IRQHandler            0x080001b7   Thumb Code     0  startup_stm32f407xx.o(.text)
    TIM1_UP_TIM10_IRQHandler                 0x080001b7   Thumb Code     0  startup_stm32f407xx.o(.text)
    TIM2_IRQHandler                          0x080001b7   Thumb Code     0  startup_stm32f407xx.o(.text)
    TIM3_IRQHandler                          0x080001b7   Thumb Code     0  startup_stm32f407xx.o(.text)
    TIM4_IRQHandler                          0x080001b7   Thumb Code     0  startup_stm32f407xx.o(.text)
    TIM5_IRQHandler                          0x080001b7   Thumb Code     0  startup_stm32f407xx.o(.text)
    TIM6_DAC_IRQHandler                      0x080001b7   Thumb Code     0  startup_stm32f407xx.o(.text)
    TIM7_IRQHandler                          0x080001b7   Thumb Code     0  startup_stm32f407xx.o(.text)
    TIM8_BRK_TIM12_IRQHandler                0x080001b7   Thumb Code     0  startup_stm32f407xx.o(.text)
    TIM8_CC_IRQHandler                       0x080001b7   Thumb Code     0  startup_stm32f407xx.o(.text)
    TIM8_TRG_COM_TIM14_IRQHandler            0x080001b7   Thumb Code     0  startup_stm32f407xx.o(.text)
    TIM8_UP_TIM13_IRQHandler                 0x080001b7   Thumb Code     0  startup_stm32f407xx.o(.text)
    UART4_IRQHandler                         0x080001b7   Thumb Code     0  startup_stm32f407xx.o(.text)
    UART5_IRQHandler                         0x080001b7   Thumb Code     0  startup_stm32f407xx.o(.text)
    USART1_IRQHandler                        0x080001b7   Thumb Code     0  startup_stm32f407xx.o(.text)
    USART2_IRQHandler                        0x080001b7   Thumb Code     0  startup_stm32f407xx.o(.text)
    USART3_IRQHandler                        0x080001b7   Thumb Code     0  startup_stm32f407xx.o(.text)
    USART6_IRQHandler                        0x080001b7   Thumb Code     0  startup_stm32f407xx.o(.text)
    WWDG_IRQHandler                          0x080001b7   Thumb Code     0  startup_stm32f407xx.o(.text)
    __aeabi_uldivmod                         0x080001c1   Thumb Code    98  uldiv.o(.text)
    __aeabi_memcpy                           0x08000223   Thumb Code    36  memcpya.o(.text)
    __aeabi_memcpy4                          0x08000223   Thumb Code     0  memcpya.o(.text)
    __aeabi_memcpy8                          0x08000223   Thumb Code     0  memcpya.o(.text)
    __aeabi_memset                           0x08000247   Thumb Code    14  memseta.o(.text)
    __aeabi_memset4                          0x08000247   Thumb Code     0  memseta.o(.text)
    __aeabi_memset8                          0x08000247   Thumb Code     0  memseta.o(.text)
    __aeabi_memclr                           0x08000255   Thumb Code     4  memseta.o(.text)
    __aeabi_memclr4                          0x08000255   Thumb Code     0  memseta.o(.text)
    __aeabi_memclr8                          0x08000255   Thumb Code     0  memseta.o(.text)
    _memset$wrapper                          0x08000259   Thumb Code    18  memseta.o(.text)
    strcat                                   0x0800026b   Thumb Code    24  strcat.o(.text)
    strlen                                   0x08000283   Thumb Code    14  strlen.o(.text)
    __aeabi_f2d                              0x08000291   Thumb Code    38  f2d.o(.text)
    __aeabi_uidiv                            0x080002b7   Thumb Code     0  uidiv.o(.text)
    __aeabi_uidivmod                         0x080002b7   Thumb Code    44  uidiv.o(.text)
    __aeabi_llsl                             0x080002e3   Thumb Code    30  llshl.o(.text)
    _ll_shift_l                              0x080002e3   Thumb Code     0  llshl.o(.text)
    __aeabi_llsr                             0x08000301   Thumb Code    32  llushr.o(.text)
    _ll_ushift_r                             0x08000301   Thumb Code     0  llushr.o(.text)
    __I$use$fp                               0x08000321   Thumb Code     0  iusefp.o(.text)
    __aeabi_dadd                             0x08000321   Thumb Code   322  dadd.o(.text)
    __aeabi_dsub                             0x08000463   Thumb Code     6  dadd.o(.text)
    __aeabi_drsub                            0x08000469   Thumb Code     6  dadd.o(.text)
    __aeabi_dmul                             0x0800046f   Thumb Code   228  dmul.o(.text)
    __aeabi_ddiv                             0x08000553   Thumb Code   222  ddiv.o(.text)
    __aeabi_d2ulz                            0x08000631   Thumb Code    48  dfixul.o(.text)
    __aeabi_cdrcmple                         0x08000661   Thumb Code    48  cdrcmple.o(.text)
    __scatterload                            0x08000691   Thumb Code    28  init.o(.text)
    __scatterload_rt2                        0x08000691   Thumb Code     0  init.o(.text)
    __aeabi_lasr                             0x080006b5   Thumb Code    36  llsshr.o(.text)
    _ll_sshift_r                             0x080006b5   Thumb Code     0  llsshr.o(.text)
    _double_round                            0x080006d9   Thumb Code    30  depilogue.o(.text)
    _double_epilogue                         0x080006f7   Thumb Code   156  depilogue.o(.text)
    ACCELERO_IO_ITConfig                     0x08000795   Thumb Code    64  stm32f4_discovery.o(i.ACCELERO_IO_ITConfig)
    ACCELERO_IO_Init                         0x080007e1   Thumb Code    64  stm32f4_discovery.o(i.ACCELERO_IO_Init)
    ACCELERO_IO_Read                         0x08000829   Thumb Code    74  stm32f4_discovery.o(i.ACCELERO_IO_Read)
    ACCELERO_IO_Write                        0x08000879   Thumb Code    68  stm32f4_discovery.o(i.ACCELERO_IO_Write)
    BSP_ACCELERO_GetXYZ                      0x080008c1   Thumb Code    38  stm32f4_discovery_accelerometer.o(i.BSP_ACCELERO_GetXYZ)
    BSP_ACCELERO_Init                        0x080008f1   Thumb Code    58  stm32f4_discovery_accelerometer.o(i.BSP_ACCELERO_Init)
    BSP_LED_Init                             0x08000939   Thumb Code    86  stm32f4_discovery.o(i.BSP_LED_Init)
    BSP_LED_Off                              0x0800099d   Thumb Code    18  stm32f4_discovery.o(i.BSP_LED_Off)
    BSP_LED_On                               0x080009b9   Thumb Code    18  stm32f4_discovery.o(i.BSP_LED_On)
    BSP_LED_Toggle                           0x080009d5   Thumb Code    16  stm32f4_discovery.o(i.BSP_LED_Toggle)
    BSP_PB_GetState                          0x080009ed   Thumb Code    16  stm32f4_discovery.o(i.BSP_PB_GetState)
    BSP_PB_Init                              0x08000a05   Thumb Code   112  stm32f4_discovery.o(i.BSP_PB_Init)
    BusFault_Handler                         0x08000a85   Thumb Code     2  stm32f4xx_it.o(i.BusFault_Handler)
    DebugMon_Handler                         0x08000acf   Thumb Code     2  stm32f4xx_it.o(i.DebugMon_Handler)
    EXTI0_IRQHandler                         0x08000ad1   Thumb Code     6  stm32f4xx_it.o(i.EXTI0_IRQHandler)
    FATFS_LinkDriver                         0x08000adf   Thumb Code     6  ff_gen_drv.o(i.FATFS_LinkDriver)
    FATFS_LinkDriverEx                       0x08000ae5   Thumb Code    60  ff_gen_drv.o(i.FATFS_LinkDriverEx)
    FATFS_UnLinkDriver                       0x08000b25   Thumb Code     6  ff_gen_drv.o(i.FATFS_UnLinkDriver)
    FATFS_UnLinkDriverEx                     0x08000b2d   Thumb Code    48  ff_gen_drv.o(i.FATFS_UnLinkDriverEx)
    HAL_Delay                                0x08000b61   Thumb Code    32  stm32f4xx_hal.o(i.HAL_Delay)
    HAL_GPIO_EXTI_Callback                   0x08000b85   Thumb Code     2  stm32f4xx_hal_gpio.o(i.HAL_GPIO_EXTI_Callback)
    HAL_GPIO_EXTI_IRQHandler                 0x08000b89   Thumb Code    18  stm32f4xx_hal_gpio.o(i.HAL_GPIO_EXTI_IRQHandler)
    HAL_GPIO_Init                            0x08000ba1   Thumb Code   388  stm32f4xx_hal_gpio.o(i.HAL_GPIO_Init)
    HAL_GPIO_ReadPin                         0x08000d51   Thumb Code    10  stm32f4xx_hal_gpio.o(i.HAL_GPIO_ReadPin)
    HAL_GPIO_TogglePin                       0x08000d5b   Thumb Code     8  stm32f4xx_hal_gpio.o(i.HAL_GPIO_TogglePin)
    HAL_GPIO_WritePin                        0x08000d63   Thumb Code    10  stm32f4xx_hal_gpio.o(i.HAL_GPIO_WritePin)
    HAL_GetREVID                             0x08000d6d   Thumb Code     8  stm32f4xx_hal.o(i.HAL_GetREVID)
    HAL_GetTick                              0x08000d79   Thumb Code     6  stm32f4xx_hal.o(i.HAL_GetTick)
    HAL_HCD_Connect_Callback                 0x08000d85   Thumb Code     8  usbh_conf.o(i.HAL_HCD_Connect_Callback)
    HAL_HCD_Disconnect_Callback              0x08000d8d   Thumb Code     8  usbh_conf.o(i.HAL_HCD_Disconnect_Callback)
    HAL_HCD_GetCurrentFrame                  0x08000d95   Thumb Code     6  stm32f4xx_hal_hcd.o(i.HAL_HCD_GetCurrentFrame)
    HAL_HCD_GetCurrentSpeed                  0x08000d9b   Thumb Code     6  stm32f4xx_hal_hcd.o(i.HAL_HCD_GetCurrentSpeed)
    HAL_HCD_HC_GetURBState                   0x08000da1   Thumb Code    14  stm32f4xx_hal_hcd.o(i.HAL_HCD_HC_GetURBState)
    HAL_HCD_HC_GetXferCount                  0x08000daf   Thumb Code    12  stm32f4xx_hal_hcd.o(i.HAL_HCD_HC_GetXferCount)
    HAL_HCD_HC_Halt                          0x08000dbb   Thumb Code    36  stm32f4xx_hal_hcd.o(i.HAL_HCD_HC_Halt)
    HAL_HCD_HC_Init                          0x08000ddf   Thumb Code    84  stm32f4xx_hal_hcd.o(i.HAL_HCD_HC_Init)
    HAL_HCD_HC_NotifyURBChange_Callback      0x08000e33   Thumb Code     2  usbh_conf.o(i.HAL_HCD_HC_NotifyURBChange_Callback)
    HAL_HCD_HC_SubmitRequest                 0x08000e35   Thumb Code   182  stm32f4xx_hal_hcd.o(i.HAL_HCD_HC_SubmitRequest)
    HAL_HCD_IRQHandler                       0x08000eed   Thumb Code   302  stm32f4xx_hal_hcd.o(i.HAL_HCD_IRQHandler)
    HAL_HCD_Init                             0x0800101b   Thumb Code    90  stm32f4xx_hal_hcd.o(i.HAL_HCD_Init)
    HAL_HCD_MspInit                          0x08001075   Thumb Code   166  usbh_conf.o(i.HAL_HCD_MspInit)
    HAL_HCD_ResetPort                        0x08001129   Thumb Code     6  stm32f4xx_hal_hcd.o(i.HAL_HCD_ResetPort)
    HAL_HCD_SOF_Callback                     0x0800112f   Thumb Code     8  usbh_conf.o(i.HAL_HCD_SOF_Callback)
    HAL_HCD_Start                            0x08001137   Thumb Code    44  stm32f4xx_hal_hcd.o(i.HAL_HCD_Start)
    HAL_HCD_Stop                             0x08001163   Thumb Code    36  stm32f4xx_hal_hcd.o(i.HAL_HCD_Stop)
    HAL_IncTick                              0x08001189   Thumb Code    12  stm32f4xx_hal.o(i.HAL_IncTick)
    HAL_Init                                 0x08001199   Thumb Code    40  stm32f4xx_hal.o(i.HAL_Init)
    HAL_InitTick                             0x080011c5   Thumb Code    54  stm32f4xx_hal.o(i.HAL_InitTick)
    HAL_MspInit                              0x08001205   Thumb Code     2  stm32f4xx_hal.o(i.HAL_MspInit)
    HAL_NVIC_EnableIRQ                       0x08001207   Thumb Code    26  stm32f4xx_hal_cortex.o(i.HAL_NVIC_EnableIRQ)
    HAL_NVIC_SetPriority                     0x08001221   Thumb Code    60  stm32f4xx_hal_cortex.o(i.HAL_NVIC_SetPriority)
    HAL_NVIC_SetPriorityGrouping             0x08001261   Thumb Code    26  stm32f4xx_hal_cortex.o(i.HAL_NVIC_SetPriorityGrouping)
    HAL_RCC_ClockConfig                      0x08001285   Thumb Code   286  stm32f4xx_hal_rcc.o(i.HAL_RCC_ClockConfig)
    HAL_RCC_GetHCLKFreq                      0x080013b5   Thumb Code     6  stm32f4xx_hal_rcc.o(i.HAL_RCC_GetHCLKFreq)
    HAL_RCC_GetSysClockFreq                  0x080013c1   Thumb Code    88  stm32f4xx_hal_rcc.o(i.HAL_RCC_GetSysClockFreq)
    HAL_RCC_OscConfig                        0x08001421   Thumb Code   770  stm32f4xx_hal_rcc.o(i.HAL_RCC_OscConfig)
    HAL_SPI_DeInit                           0x0800173d   Thumb Code    46  stm32f4xx_hal_spi.o(i.HAL_SPI_DeInit)
    HAL_SPI_GetState                         0x0800176b   Thumb Code     6  stm32f4xx_hal_spi.o(i.HAL_SPI_GetState)
    HAL_SPI_Init                             0x08001771   Thumb Code   140  stm32f4xx_hal_spi.o(i.HAL_SPI_Init)
    HAL_SPI_MspDeInit                        0x080017fd   Thumb Code     2  stm32f4xx_hal_spi.o(i.HAL_SPI_MspDeInit)
    HAL_SPI_MspInit                          0x080017ff   Thumb Code     2  stm32f4xx_hal_spi.o(i.HAL_SPI_MspInit)
    HAL_SPI_TransmitReceive                  0x08001801   Thumb Code   622  stm32f4xx_hal_spi.o(i.HAL_SPI_TransmitReceive)
    HAL_SYSTICK_Config                       0x08001a6f   Thumb Code    40  stm32f4xx_hal_cortex.o(i.HAL_SYSTICK_Config)
    HardFault_Handler                        0x08001ffd   Thumb Code     2  stm32f4xx_it.o(i.HardFault_Handler)
    LIS302DL_Click_IntClear                  0x08001fff   Thumb Code    30  lis302dl.o(i.LIS302DL_Click_IntClear)
    LIS302DL_Click_IntConfig                 0x0800201d   Thumb Code   164  lis302dl.o(i.LIS302DL_Click_IntConfig)
    LIS302DL_DeInit                          0x080020c1   Thumb Code     2  lis302dl.o(i.LIS302DL_DeInit)
    LIS302DL_FilterConfig                    0x080020c3   Thumb Code    46  lis302dl.o(i.LIS302DL_FilterConfig)
    LIS302DL_Init                            0x080020f1   Thumb Code    30  lis302dl.o(i.LIS302DL_Init)
    LIS302DL_InterruptConfig                 0x0800210f   Thumb Code    46  lis302dl.o(i.LIS302DL_InterruptConfig)
    LIS302DL_ReadACC                         0x0800213d   Thumb Code   104  lis302dl.o(i.LIS302DL_ReadACC)
    LIS302DL_ReadID                          0x080021a5   Thumb Code    28  lis302dl.o(i.LIS302DL_ReadID)
    LIS302DL_RebootCmd                       0x080021c1   Thumb Code    36  lis302dl.o(i.LIS302DL_RebootCmd)
    LIS3DSH_Click_IntConfig                  0x080021e5   Thumb Code   210  lis3dsh.o(i.LIS3DSH_Click_IntConfig)
    LIS3DSH_DeInit                           0x080022b7   Thumb Code     2  lis3dsh.o(i.LIS3DSH_DeInit)
    LIS3DSH_Init                             0x080022b9   Thumb Code    46  lis3dsh.o(i.LIS3DSH_Init)
    LIS3DSH_InterruptConfig                  0x080022e7   Thumb Code    76  lis3dsh.o(i.LIS3DSH_InterruptConfig)
    LIS3DSH_ReadACC                          0x08002335   Thumb Code   198  lis3dsh.o(i.LIS3DSH_ReadACC)
    LIS3DSH_ReadID                           0x08002411   Thumb Code    28  lis3dsh.o(i.LIS3DSH_ReadID)
    LIS3DSH_RebootCmd                        0x0800242d   Thumb Code    36  lis3dsh.o(i.LIS3DSH_RebootCmd)
    MemManage_Handler                        0x08002649   Thumb Code     2  stm32f4xx_it.o(i.MemManage_Handler)
    NMI_Handler                              0x0800264b   Thumb Code     2  stm32f4xx_it.o(i.NMI_Handler)
    OTG_FS_IRQHandler                        0x0800264d   Thumb Code     6  stm32f4xx_it.o(i.OTG_FS_IRQHandler)
    PendSV_Handler                           0x08002659   Thumb Code     2  stm32f4xx_it.o(i.PendSV_Handler)
    SVC_Handler                              0x080027e1   Thumb Code     2  stm32f4xx_it.o(i.SVC_Handler)
    SysTick_Handler                          0x080027e3   Thumb Code     4  stm32f4xx_it.o(i.SysTick_Handler)
    SystemInit                               0x08002879   Thumb Code    66  system_stm32f4xx.o(i.SystemInit)
    USBH_AllocPipe                           0x080028cd   Thumb Code    52  usbh_pipes.o(i.USBH_AllocPipe)
    USBH_BulkReceiveData                     0x08002901   Thumb Code    32  usbh_ioreq.o(i.USBH_BulkReceiveData)
    USBH_BulkSendData                        0x08002921   Thumb Code    40  usbh_ioreq.o(i.USBH_BulkSendData)
    USBH_ClosePipe                           0x08002949   Thumb Code    10  usbh_pipes.o(i.USBH_ClosePipe)
    USBH_ClrFeature                          0x08002953   Thumb Code    30  usbh_ctlreq.o(i.USBH_ClrFeature)
    USBH_CtlReceiveData                      0x08002971   Thumb Code    30  usbh_ioreq.o(i.USBH_CtlReceiveData)
    USBH_CtlReq                              0x0800298f   Thumb Code    54  usbh_ctlreq.o(i.USBH_CtlReq)
    USBH_CtlSendData                         0x080029c5   Thumb Code    40  usbh_ioreq.o(i.USBH_CtlSendData)
    USBH_CtlSendSetup                        0x080029ed   Thumb Code    30  usbh_ioreq.o(i.USBH_CtlSendSetup)
    USBH_Delay                               0x08002a0b   Thumb Code     4  usbh_conf.o(i.USBH_Delay)
    USBH_FindInterface                       0x08002a0f   Thumb Code    68  usbh_core.o(i.USBH_FindInterface)
    USBH_FreePipe                            0x08002a53   Thumb Code    24  usbh_pipes.o(i.USBH_FreePipe)
    USBH_GetDescriptor                       0x08002a6b   Thumb Code    52  usbh_ctlreq.o(i.USBH_GetDescriptor)
    USBH_GetNextDesc                         0x08002a9f   Thumb Code    14  usbh_ctlreq.o(i.USBH_GetNextDesc)
    USBH_Get_CfgDesc                         0x08002aad   Thumb Code    44  usbh_ctlreq.o(i.USBH_Get_CfgDesc)
    USBH_Get_DevDesc                         0x08002ad9   Thumb Code   128  usbh_ctlreq.o(i.USBH_Get_DevDesc)
    USBH_Get_StringDesc                      0x08002b59   Thumb Code    72  usbh_ctlreq.o(i.USBH_Get_StringDesc)
    USBH_Init                                0x08002e11   Thumb Code    48  usbh_core.o(i.USBH_Init)
    USBH_LL_ClosePipe                        0x08002e41   Thumb Code    14  usbh_conf.o(i.USBH_LL_ClosePipe)
    USBH_LL_Connect                          0x08002e4f   Thumb Code    40  usbh_core.o(i.USBH_LL_Connect)
    USBH_LL_Disconnect                       0x08002e77   Thumb Code    56  usbh_core.o(i.USBH_LL_Disconnect)
    USBH_LL_DriverVBUS                       0x08002eb1   Thumb Code    28  usbh_conf.o(i.USBH_LL_DriverVBUS)
    USBH_LL_GetLastXferSize                  0x08002ed1   Thumb Code     8  usbh_conf.o(i.USBH_LL_GetLastXferSize)
    USBH_LL_GetSpeed                         0x08002ed9   Thumb Code    34  usbh_conf.o(i.USBH_LL_GetSpeed)
    USBH_LL_GetToggle                        0x08002efd   Thumb Code    28  usbh_conf.o(i.USBH_LL_GetToggle)
    USBH_LL_GetURBState                      0x08002f1d   Thumb Code     8  usbh_conf.o(i.USBH_LL_GetURBState)
    USBH_LL_IncTimer                         0x08002f25   Thumb Code    30  usbh_core.o(i.USBH_LL_IncTimer)
    USBH_LL_Init                             0x08002f45   Thumb Code    62  usbh_conf.o(i.USBH_LL_Init)
    USBH_LL_OpenPipe                         0x08002f89   Thumb Code    24  usbh_conf.o(i.USBH_LL_OpenPipe)
    USBH_LL_ResetPort                        0x08002fa1   Thumb Code    14  usbh_conf.o(i.USBH_LL_ResetPort)
    USBH_LL_SetTimer                         0x08002faf   Thumb Code     6  usbh_core.o(i.USBH_LL_SetTimer)
    USBH_LL_SetToggle                        0x08002fb5   Thumb Code    30  usbh_conf.o(i.USBH_LL_SetToggle)
    USBH_LL_Start                            0x08002fd9   Thumb Code    14  usbh_conf.o(i.USBH_LL_Start)
    USBH_LL_Stop                             0x08002fe7   Thumb Code    14  usbh_conf.o(i.USBH_LL_Stop)
    USBH_LL_SubmitURB                        0x08002ff5   Thumb Code    32  usbh_conf.o(i.USBH_LL_SubmitURB)
    USBH_MSC_BOT_Init                        0x08003035   Thumb Code    26  usbh_msc_bot.o(i.USBH_MSC_BOT_Init)
    USBH_MSC_BOT_Process                     0x08003059   Thumb Code   470  usbh_msc_bot.o(i.USBH_MSC_BOT_Process)
    USBH_MSC_BOT_REQ_GetMaxLUN               0x08003235   Thumb Code    22  usbh_msc_bot.o(i.USBH_MSC_BOT_REQ_GetMaxLUN)
    USBH_MSC_BOT_REQ_Reset                   0x0800324b   Thumb Code    22  usbh_msc_bot.o(i.USBH_MSC_BOT_REQ_Reset)
    USBH_MSC_GetLUNInfo                      0x080032cd   Thumb Code    46  usbh_msc.o(i.USBH_MSC_GetLUNInfo)
    USBH_MSC_Read                            0x080037af   Thumb Code   138  usbh_msc.o(i.USBH_MSC_Read)
    USBH_MSC_SCSI_Inquiry                    0x08003839   Thumb Code   192  usbh_msc_scsi.o(i.USBH_MSC_SCSI_Inquiry)
    USBH_MSC_SCSI_Read                       0x080038f9   Thumb Code   124  usbh_msc_scsi.o(i.USBH_MSC_SCSI_Read)
    USBH_MSC_SCSI_ReadCapacity               0x08003975   Thumb Code   122  usbh_msc_scsi.o(i.USBH_MSC_SCSI_ReadCapacity)
    USBH_MSC_SCSI_RequestSense               0x080039ef   Thumb Code   146  usbh_msc_scsi.o(i.USBH_MSC_SCSI_RequestSense)
    USBH_MSC_SCSI_TestUnitReady              0x08003a81   Thumb Code    76  usbh_msc_scsi.o(i.USBH_MSC_SCSI_TestUnitReady)
    USBH_MSC_SCSI_Write                      0x08003acd   Thumb Code   124  usbh_msc_scsi.o(i.USBH_MSC_SCSI_Write)
    USBH_MSC_UnitIsReady                     0x08003b4d   Thumb Code    38  usbh_msc.o(i.USBH_MSC_UnitIsReady)
    USBH_MSC_Write                           0x08003b73   Thumb Code   138  usbh_msc.o(i.USBH_MSC_Write)
    USBH_OpenPipe                            0x08003bfd   Thumb Code    20  usbh_pipes.o(i.USBH_OpenPipe)
    USBH_Process                             0x08003cf9   Thumb Code   360  usbh_core.o(i.USBH_Process)
    USBH_RegisterClass                       0x08003e61   Thumb Code    28  usbh_core.o(i.USBH_RegisterClass)
    USBH_SelectInterface                     0x08003e7d   Thumb Code    22  usbh_core.o(i.USBH_SelectInterface)
    USBH_SetAddress                          0x08003e93   Thumb Code    28  usbh_ctlreq.o(i.USBH_SetAddress)
    USBH_SetCfg                              0x08003eaf   Thumb Code    28  usbh_ctlreq.o(i.USBH_SetCfg)
    USBH_Start                               0x08003ecb   Thumb Code    20  usbh_core.o(i.USBH_Start)
    USBH_initialize                          0x08003f1d   Thumb Code     4  usbh_diskio_dma.o(i.USBH_initialize)
    USBH_ioctl                               0x08003f21   Thumb Code    96  usbh_diskio_dma.o(i.USBH_ioctl)
    USBH_read                                0x08003f85   Thumb Code   124  usbh_diskio_dma.o(i.USBH_read)
    USBH_status                              0x08004009   Thumb Code    20  usbh_diskio_dma.o(i.USBH_status)
    USBH_write                               0x08004021   Thumb Code   134  usbh_diskio_dma.o(i.USBH_write)
    USB_CoreInit                             0x080040b1   Thumb Code   104  stm32f4xx_ll_usb.o(i.USB_CoreInit)
    USB_DisableGlobalInt                     0x08004155   Thumb Code    12  stm32f4xx_ll_usb.o(i.USB_DisableGlobalInt)
    USB_DoPing                               0x08004161   Thumb Code    60  stm32f4xx_ll_usb.o(i.USB_DoPing)
    USB_DriveVbus                            0x080041a1   Thumb Code    44  stm32f4xx_ll_usb.o(i.USB_DriveVbus)
    USB_EnableGlobalInt                      0x080041cd   Thumb Code    12  stm32f4xx_ll_usb.o(i.USB_EnableGlobalInt)
    USB_FlushRxFifo                          0x080041d9   Thumb Code    28  stm32f4xx_ll_usb.o(i.USB_FlushRxFifo)
    USB_FlushTxFifo                          0x080041f9   Thumb Code    32  stm32f4xx_ll_usb.o(i.USB_FlushTxFifo)
    USB_GetCurrentFrame                      0x0800421d   Thumb Code     8  stm32f4xx_ll_usb.o(i.USB_GetCurrentFrame)
    USB_GetHostSpeed                         0x08004225   Thumb Code    14  stm32f4xx_ll_usb.o(i.USB_GetHostSpeed)
    USB_GetMode                              0x08004233   Thumb Code     8  stm32f4xx_ll_usb.o(i.USB_GetMode)
    USB_HC_Halt                              0x0800423b   Thumb Code   328  stm32f4xx_ll_usb.o(i.USB_HC_Halt)
    USB_HC_Init                              0x08004385   Thumb Code   234  stm32f4xx_ll_usb.o(i.USB_HC_Init)
    USB_HC_ReadInterrupt                     0x0800446f   Thumb Code    12  stm32f4xx_ll_usb.o(i.USB_HC_ReadInterrupt)
    USB_HC_StartXfer                         0x0800447d   Thumb Code   386  stm32f4xx_ll_usb.o(i.USB_HC_StartXfer)
    USB_HostInit                             0x08004605   Thumb Code   192  stm32f4xx_ll_usb.o(i.USB_HostInit)
    USB_InitFSLSPClkSel                      0x080046d9   Thumb Code    54  stm32f4xx_ll_usb.o(i.USB_InitFSLSPClkSel)
    USB_ReadInterrupts                       0x0800470f   Thumb Code     8  stm32f4xx_ll_usb.o(i.USB_ReadInterrupts)
    USB_ReadPacket                           0x08004717   Thumb Code    32  stm32f4xx_ll_usb.o(i.USB_ReadPacket)
    USB_ResetPort                            0x08004737   Thumb Code    44  stm32f4xx_ll_usb.o(i.USB_ResetPort)
    USB_SetCurrentMode                       0x08004763   Thumb Code    44  stm32f4xx_ll_usb.o(i.USB_SetCurrentMode)
    USB_StopHost                             0x0800478f   Thumb Code   178  stm32f4xx_ll_usb.o(i.USB_StopHost)
    USB_WritePacket                          0x08004841   Thumb Code    40  stm32f4xx_ll_usb.o(i.USB_WritePacket)
    UsageFault_Handler                       0x08004869   Thumb Code     2  stm32f4xx_it.o(i.UsageFault_Handler)
    __0sprintf                               0x0800486d   Thumb Code    34  printfa.o(i.__0sprintf)
    __1sprintf                               0x0800486d   Thumb Code     0  printfa.o(i.__0sprintf)
    __2sprintf                               0x0800486d   Thumb Code     0  printfa.o(i.__0sprintf)
    __c89sprintf                             0x0800486d   Thumb Code     0  printfa.o(i.__0sprintf)
    sprintf                                  0x0800486d   Thumb Code     0  printfa.o(i.__0sprintf)
    __scatterload_copy                       0x080048b5   Thumb Code    14  handlers.o(i.__scatterload_copy)
    __scatterload_null                       0x080048c3   Thumb Code     2  handlers.o(i.__scatterload_null)
    __scatterload_zeroinit                   0x080048c5   Thumb Code    14  handlers.o(i.__scatterload_zeroinit)
    disk_initialize                          0x08005a55   Thumb Code    36  diskio.o(i.disk_initialize)
    disk_ioctl                               0x08005a7d   Thumb Code    24  diskio.o(i.disk_ioctl)
    disk_read                                0x08005a99   Thumb Code    24  diskio.o(i.disk_read)
    disk_status                              0x08005ab5   Thumb Code    18  diskio.o(i.disk_status)
    disk_write                               0x08005acd   Thumb Code    24  diskio.o(i.disk_write)
    f_close                                  0x08005ae9   Thumb Code    40  ff.o(i.f_close)
    f_mount                                  0x08005b11   Thumb Code    84  ff.o(i.f_mount)
    f_open                                   0x08005b69   Thumb Code   574  ff.o(i.f_open)
    f_sync                                   0x08005dad   Thumb Code   142  ff.o(i.f_sync)
    f_write                                  0x08005e3b   Thumb Code   398  ff.o(i.f_write)
    ff_convert                               0x08005fc9   Thumb Code    52  unicode.o(i.ff_convert)
    ff_memalloc                              0x08006001   Thumb Code     4  syscall.o(i.ff_memalloc)
    ff_memfree                               0x08006005   Thumb Code     4  syscall.o(i.ff_memfree)
    ff_wtoupper                              0x08006009   Thumb Code   120  unicode.o(i.ff_wtoupper)
    free                                     0x08006351   Thumb Code    76  malloc.o(i.free)
    get_fattime                              0x080064df   Thumb Code     4  diskio.o(i.get_fattime)
    main                                     0x080065e9   Thumb Code   106  main.o(i.main)
    malloc                                   0x08006669   Thumb Code    92  malloc.o(i.malloc)
    USBH_Driver                              0x080069ec   Data          20  usbh_diskio_dma.o(.constdata)
    BUTTON_IRQn                              0x08006dae   Data           1  stm32f4_discovery.o(.constdata)
    BUTTON_PIN                               0x08006db0   Data           2  stm32f4_discovery.o(.constdata)
    GPIO_PIN                                 0x08006db2   Data           8  stm32f4_discovery.o(.constdata)
    AHBPrescTable                            0x08006dba   Data          16  system_stm32f4xx.o(.constdata)
    Region$$Table$$Base                      0x08006eac   Number         0  anon$$obj.o(Region$$Table)
    Region$$Table$$Limit                     0x08006ecc   Number         0  anon$$obj.o(Region$$Table)
    USBH_msc                                 0x20000000   Data          32  usbh_msc.o(.data)
    uwTickFreq                               0x20000020   Data           1  stm32f4xx_hal.o(.data)
    uwTickPrio                               0x20000024   Data           4  stm32f4xx_hal.o(.data)
    uwTick                                   0x20000028   Data           4  stm32f4xx_hal.o(.data)
    BUTTON_PORT                              0x2000002c   Data           4  stm32f4_discovery.o(.data)
    I2cxTimeout                              0x20000030   Data           4  stm32f4_discovery.o(.data)
    SpixTimeout                              0x20000034   Data           4  stm32f4_discovery.o(.data)
    GPIO_PORT                                0x20000038   Data          16  stm32f4_discovery.o(.data)
    Lis302dlDrv                              0x2000004c   Data          52  lis302dl.o(.data)
    Lis3dshDrv                               0x20000080   Data          52  lis3dsh.o(.data)
    SystemCoreClock                          0x200000b4   Data           4  system_stm32f4xx.o(.data)
    Appli_state                              0x200000b8   Data           1  main.o(.data)
    USBDISKPath                              0x200000b9   Data           4  main.o(.data)
    __microlib_freelist                      0x200000cc   Data           4  mvars.o(.data)
    __microlib_freelist_initialised          0x200000d0   Data           4  mvars.o(.data)
    hhcd                                     0x20000380   Data         664  usbh_conf.o(.bss)
    USBDISKFatFs                             0x20000618   Data         564  main.o(.bss)
    MyFile                                   0x2000084c   Data         560  main.o(.bss)
    hUSB_Host                                0x20000a7c   Data         712  main.o(.bss)
    disk                                     0x20000d64   Data          16  ff_gen_drv.o(.bss)
    __heap_base                              0x20000d78   Data           0  startup_stm32f407xx.o(HEAP)
    __heap_limit                             0x20001178   Data           0  startup_stm32f407xx.o(HEAP)
    __initial_sp                             0x20001978   Data           0  startup_stm32f407xx.o(STACK)



==============================================================================

Memory Map of the image

  Image Entry point : 0x08000189

  Load Region LR_IROM1 (Base: 0x08000000, Size: 0x00006fa0, Max: 0x00100000, ABSOLUTE)

    Execution Region ER_IROM1 (Exec base: 0x08000000, Load base: 0x08000000, Size: 0x00006ecc, Max: 0x00100000, ABSOLUTE)

    Exec Addr    Load Addr    Size         Type   Attr      Idx    E Section Name        Object

    0x08000000   0x08000000   0x00000188   Data   RO          329    RESET               startup_stm32f407xx.o
    0x08000188   0x08000188   0x00000000   Code   RO         4008  * .ARM.Collect$$$$00000000  mc_w.l(entry.o)
    0x08000188   0x08000188   0x00000004   Code   RO         4314    .ARM.Collect$$$$00000001  mc_w.l(entry2.o)
    0x0800018c   0x0800018c   0x00000004   Code   RO         4317    .ARM.Collect$$$$00000004  mc_w.l(entry5.o)
    0x08000190   0x08000190   0x00000000   Code   RO         4319    .ARM.Collect$$$$00000008  mc_w.l(entry7b.o)
    0x08000190   0x08000190   0x00000000   Code   RO         4321    .ARM.Collect$$$$0000000A  mc_w.l(entry8b.o)
    0x08000190   0x08000190   0x00000008   Code   RO         4322    .ARM.Collect$$$$0000000B  mc_w.l(entry9a.o)
    0x08000198   0x08000198   0x00000000   Code   RO         4324    .ARM.Collect$$$$0000000D  mc_w.l(entry10a.o)
    0x08000198   0x08000198   0x00000000   Code   RO         4326    .ARM.Collect$$$$0000000F  mc_w.l(entry11a.o)
    0x08000198   0x08000198   0x00000004   Code   RO         4315    .ARM.Collect$$$$00002712  mc_w.l(entry2.o)
    0x0800019c   0x0800019c   0x00000024   Code   RO          330    .text               startup_stm32f407xx.o
    0x080001c0   0x080001c0   0x00000062   Code   RO         4011    .text               mc_w.l(uldiv.o)
    0x08000222   0x08000222   0x00000024   Code   RO         4013    .text               mc_w.l(memcpya.o)
    0x08000246   0x08000246   0x00000024   Code   RO         4015    .text               mc_w.l(memseta.o)
    0x0800026a   0x0800026a   0x00000018   Code   RO         4017    .text               mc_w.l(strcat.o)
    0x08000282   0x08000282   0x0000000e   Code   RO         4019    .text               mc_w.l(strlen.o)
    0x08000290   0x08000290   0x00000026   Code   RO         4312    .text               mf_w.l(f2d.o)
    0x080002b6   0x080002b6   0x0000002c   Code   RO         4331    .text               mc_w.l(uidiv.o)
    0x080002e2   0x080002e2   0x0000001e   Code   RO         4333    .text               mc_w.l(llshl.o)
    0x08000300   0x08000300   0x00000020   Code   RO         4335    .text               mc_w.l(llushr.o)
    0x08000320   0x08000320   0x00000000   Code   RO         4339    .text               mc_w.l(iusefp.o)
    0x08000320   0x08000320   0x0000014e   Code   RO         4340    .text               mf_w.l(dadd.o)
    0x0800046e   0x0800046e   0x000000e4   Code   RO         4342    .text               mf_w.l(dmul.o)
    0x08000552   0x08000552   0x000000de   Code   RO         4344    .text               mf_w.l(ddiv.o)
    0x08000630   0x08000630   0x00000030   Code   RO         4346    .text               mf_w.l(dfixul.o)
    0x08000660   0x08000660   0x00000030   Code   RO         4348    .text               mf_w.l(cdrcmple.o)
    0x08000690   0x08000690   0x00000024   Code   RO         4350    .text               mc_w.l(init.o)
    0x080006b4   0x080006b4   0x00000024   Code   RO         4353    .text               mc_w.l(llsshr.o)
    0x080006d8   0x080006d8   0x000000ba   Code   RO         4356    .text               mf_w.l(depilogue.o)
    0x08000792   0x08000792   0x00000002   PAD
    0x08000794   0x08000794   0x0000004c   Code   RO         2584    i.ACCELERO_IO_ITConfig  stm32f4_discovery.o
    0x080007e0   0x080007e0   0x00000048   Code   RO         2585    i.ACCELERO_IO_Init  stm32f4_discovery.o
    0x08000828   0x08000828   0x00000050   Code   RO         2586    i.ACCELERO_IO_Read  stm32f4_discovery.o
    0x08000878   0x08000878   0x00000048   Code   RO         2587    i.ACCELERO_IO_Write  stm32f4_discovery.o
    0x080008c0   0x080008c0   0x00000030   Code   RO         2727    i.BSP_ACCELERO_GetXYZ  stm32f4_discovery_accelerometer.o
    0x080008f0   0x080008f0   0x00000048   Code   RO         2728    i.BSP_ACCELERO_Init  stm32f4_discovery_accelerometer.o
    0x08000938   0x08000938   0x00000064   Code   RO         2593    i.BSP_LED_Init      stm32f4_discovery.o
    0x0800099c   0x0800099c   0x0000001c   Code   RO         2594    i.BSP_LED_Off       stm32f4_discovery.o
    0x080009b8   0x080009b8   0x0000001c   Code   RO         2595    i.BSP_LED_On        stm32f4_discovery.o
    0x080009d4   0x080009d4   0x00000018   Code   RO         2596    i.BSP_LED_Toggle    stm32f4_discovery.o
    0x080009ec   0x080009ec   0x00000018   Code   RO         2597    i.BSP_PB_GetState   stm32f4_discovery.o
    0x08000a04   0x08000a04   0x00000080   Code   RO         2598    i.BSP_PB_Init       stm32f4_discovery.o
    0x08000a84   0x08000a84   0x00000002   Code   RO         3534    i.BusFault_Handler  stm32f4xx_it.o
    0x08000a86   0x08000a86   0x00000002   PAD
    0x08000a88   0x08000a88   0x00000046   Code   RO         2957    i.DeInitStateMachine  usbh_core.o
    0x08000ace   0x08000ace   0x00000002   Code   RO         3535    i.DebugMon_Handler  stm32f4xx_it.o
    0x08000ad0   0x08000ad0   0x00000006   Code   RO         3536    i.EXTI0_IRQHandler  stm32f4xx_it.o
    0x08000ad6   0x08000ad6   0x00000008   Code   RO         3461    i.Error_Handler     main.o
    0x08000ade   0x08000ade   0x00000006   Code   RO         3970    i.FATFS_LinkDriver  ff_gen_drv.o
    0x08000ae4   0x08000ae4   0x00000040   Code   RO         3971    i.FATFS_LinkDriverEx  ff_gen_drv.o
    0x08000b24   0x08000b24   0x00000006   Code   RO         3972    i.FATFS_UnLinkDriver  ff_gen_drv.o
    0x08000b2a   0x08000b2a   0x00000002   PAD
    0x08000b2c   0x08000b2c   0x00000034   Code   RO         3973    i.FATFS_UnLinkDriverEx  ff_gen_drv.o
    0x08000b60   0x08000b60   0x00000024   Code   RO          425    i.HAL_Delay         stm32f4xx_hal.o
    0x08000b84   0x08000b84   0x00000002   Code   RO         1050    i.HAL_GPIO_EXTI_Callback  stm32f4xx_hal_gpio.o
    0x08000b86   0x08000b86   0x00000002   PAD
    0x08000b88   0x08000b88   0x00000018   Code   RO         1051    i.HAL_GPIO_EXTI_IRQHandler  stm32f4xx_hal_gpio.o
    0x08000ba0   0x08000ba0   0x000001b0   Code   RO         1052    i.HAL_GPIO_Init     stm32f4xx_hal_gpio.o
    0x08000d50   0x08000d50   0x0000000a   Code   RO         1054    i.HAL_GPIO_ReadPin  stm32f4xx_hal_gpio.o
    0x08000d5a   0x08000d5a   0x00000008   Code   RO         1055    i.HAL_GPIO_TogglePin  stm32f4xx_hal_gpio.o
    0x08000d62   0x08000d62   0x0000000a   Code   RO         1056    i.HAL_GPIO_WritePin  stm32f4xx_hal_gpio.o
    0x08000d6c   0x08000d6c   0x0000000c   Code   RO          430    i.HAL_GetREVID      stm32f4xx_hal.o
    0x08000d78   0x08000d78   0x0000000c   Code   RO          431    i.HAL_GetTick       stm32f4xx_hal.o
    0x08000d84   0x08000d84   0x00000008   Code   RO         3314    i.HAL_HCD_Connect_Callback  usbh_conf.o
    0x08000d8c   0x08000d8c   0x00000008   Code   RO         3315    i.HAL_HCD_Disconnect_Callback  usbh_conf.o
    0x08000d94   0x08000d94   0x00000006   Code   RO         1118    i.HAL_HCD_GetCurrentFrame  stm32f4xx_hal_hcd.o
    0x08000d9a   0x08000d9a   0x00000006   Code   RO         1119    i.HAL_HCD_GetCurrentSpeed  stm32f4xx_hal_hcd.o
    0x08000da0   0x08000da0   0x0000000e   Code   RO         1122    i.HAL_HCD_HC_GetURBState  stm32f4xx_hal_hcd.o
    0x08000dae   0x08000dae   0x0000000c   Code   RO         1123    i.HAL_HCD_HC_GetXferCount  stm32f4xx_hal_hcd.o
    0x08000dba   0x08000dba   0x00000024   Code   RO         1124    i.HAL_HCD_HC_Halt   stm32f4xx_hal_hcd.o
    0x08000dde   0x08000dde   0x00000054   Code   RO         1125    i.HAL_HCD_HC_Init   stm32f4xx_hal_hcd.o
    0x08000e32   0x08000e32   0x00000002   Code   RO         3316    i.HAL_HCD_HC_NotifyURBChange_Callback  usbh_conf.o
    0x08000e34   0x08000e34   0x000000b6   Code   RO         1127    i.HAL_HCD_HC_SubmitRequest  stm32f4xx_hal_hcd.o
    0x08000eea   0x08000eea   0x00000002   PAD
    0x08000eec   0x08000eec   0x0000012e   Code   RO         1128    i.HAL_HCD_IRQHandler  stm32f4xx_hal_hcd.o
    0x0800101a   0x0800101a   0x0000005a   Code   RO         1129    i.HAL_HCD_Init      stm32f4xx_hal_hcd.o
    0x08001074   0x08001074   0x000000b4   Code   RO         3318    i.HAL_HCD_MspInit   usbh_conf.o
    0x08001128   0x08001128   0x00000006   Code   RO         1132    i.HAL_HCD_ResetPort  stm32f4xx_hal_hcd.o
    0x0800112e   0x0800112e   0x00000008   Code   RO         3319    i.HAL_HCD_SOF_Callback  usbh_conf.o
    0x08001136   0x08001136   0x0000002c   Code   RO         1134    i.HAL_HCD_Start     stm32f4xx_hal_hcd.o
    0x08001162   0x08001162   0x00000024   Code   RO         1135    i.HAL_HCD_Stop      stm32f4xx_hal_hcd.o
    0x08001186   0x08001186   0x00000002   PAD
    0x08001188   0x08001188   0x00000010   Code   RO          435    i.HAL_IncTick       stm32f4xx_hal.o
    0x08001198   0x08001198   0x0000002c   Code   RO          436    i.HAL_Init          stm32f4xx_hal.o
    0x080011c4   0x080011c4   0x00000040   Code   RO          437    i.HAL_InitTick      stm32f4xx_hal.o
    0x08001204   0x08001204   0x00000002   Code   RO          439    i.HAL_MspInit       stm32f4xx_hal.o
    0x08001206   0x08001206   0x0000001a   Code   RO          594    i.HAL_NVIC_EnableIRQ  stm32f4xx_hal_cortex.o
    0x08001220   0x08001220   0x00000040   Code   RO          600    i.HAL_NVIC_SetPriority  stm32f4xx_hal_cortex.o
    0x08001260   0x08001260   0x00000024   Code   RO          601    i.HAL_NVIC_SetPriorityGrouping  stm32f4xx_hal_cortex.o
    0x08001284   0x08001284   0x00000130   Code   RO         1816    i.HAL_RCC_ClockConfig  stm32f4xx_hal_rcc.o
    0x080013b4   0x080013b4   0x0000000c   Code   RO         1821    i.HAL_RCC_GetHCLKFreq  stm32f4xx_hal_rcc.o
    0x080013c0   0x080013c0   0x00000060   Code   RO         1825    i.HAL_RCC_GetSysClockFreq  stm32f4xx_hal_rcc.o
    0x08001420   0x08001420   0x0000031c   Code   RO         1828    i.HAL_RCC_OscConfig  stm32f4xx_hal_rcc.o
    0x0800173c   0x0800173c   0x0000002e   Code   RO         1923    i.HAL_SPI_DeInit    stm32f4xx_hal_spi.o
    0x0800176a   0x0800176a   0x00000006   Code   RO         1926    i.HAL_SPI_GetState  stm32f4xx_hal_spi.o
    0x08001770   0x08001770   0x0000008c   Code   RO         1928    i.HAL_SPI_Init      stm32f4xx_hal_spi.o
    0x080017fc   0x080017fc   0x00000002   Code   RO         1929    i.HAL_SPI_MspDeInit  stm32f4xx_hal_spi.o
    0x080017fe   0x080017fe   0x00000002   Code   RO         1930    i.HAL_SPI_MspInit   stm32f4xx_hal_spi.o
    0x08001800   0x08001800   0x0000026e   Code   RO         1937    i.HAL_SPI_TransmitReceive  stm32f4xx_hal_spi.o
    0x08001a6e   0x08001a6e   0x00000028   Code   RO          605    i.HAL_SYSTICK_Config  stm32f4xx_hal_cortex.o
    0x08001a96   0x08001a96   0x00000232   Code   RO         1136    i.HCD_HC_IN_IRQHandler  stm32f4xx_hal_hcd.o
    0x08001cc8   0x08001cc8   0x00000216   Code   RO         1137    i.HCD_HC_OUT_IRQHandler  stm32f4xx_hal_hcd.o
    0x08001ede   0x08001ede   0x000000ac   Code   RO         1138    i.HCD_Port_IRQHandler  stm32f4xx_hal_hcd.o
    0x08001f8a   0x08001f8a   0x00000002   PAD
    0x08001f8c   0x08001f8c   0x00000070   Code   RO         1139    i.HCD_RXQLVL_IRQHandler  stm32f4xx_hal_hcd.o
    0x08001ffc   0x08001ffc   0x00000002   Code   RO         3537    i.HardFault_Handler  stm32f4xx_it.o
    0x08001ffe   0x08001ffe   0x0000001e   Code   RO         2792    i.LIS302DL_Click_IntClear  lis302dl.o
    0x0800201c   0x0800201c   0x000000a4   Code   RO         2793    i.LIS302DL_Click_IntConfig  lis302dl.o
    0x080020c0   0x080020c0   0x00000002   Code   RO         2795    i.LIS302DL_DeInit   lis302dl.o
    0x080020c2   0x080020c2   0x0000002e   Code   RO         2796    i.LIS302DL_FilterConfig  lis302dl.o
    0x080020f0   0x080020f0   0x0000001e   Code   RO         2798    i.LIS302DL_Init     lis302dl.o
    0x0800210e   0x0800210e   0x0000002e   Code   RO         2799    i.LIS302DL_InterruptConfig  lis302dl.o
    0x0800213c   0x0800213c   0x00000068   Code   RO         2801    i.LIS302DL_ReadACC  lis302dl.o
    0x080021a4   0x080021a4   0x0000001c   Code   RO         2802    i.LIS302DL_ReadID   lis302dl.o
    0x080021c0   0x080021c0   0x00000024   Code   RO         2803    i.LIS302DL_RebootCmd  lis302dl.o
    0x080021e4   0x080021e4   0x000000d2   Code   RO         2879    i.LIS3DSH_Click_IntConfig  lis3dsh.o
    0x080022b6   0x080022b6   0x00000002   Code   RO         2881    i.LIS3DSH_DeInit    lis3dsh.o
    0x080022b8   0x080022b8   0x0000002e   Code   RO         2883    i.LIS3DSH_Init      lis3dsh.o
    0x080022e6   0x080022e6   0x0000004c   Code   RO         2884    i.LIS3DSH_InterruptConfig  lis3dsh.o
    0x08002332   0x08002332   0x00000002   PAD
    0x08002334   0x08002334   0x000000dc   Code   RO         2886    i.LIS3DSH_ReadACC   lis3dsh.o
    0x08002410   0x08002410   0x0000001c   Code   RO         2887    i.LIS3DSH_ReadID    lis3dsh.o
    0x0800242c   0x0800242c   0x00000024   Code   RO         2888    i.LIS3DSH_RebootCmd  lis3dsh.o
    0x08002450   0x08002450   0x000001f8   Code   RO         3462    i.MSC_Application   main.o
    0x08002648   0x08002648   0x00000002   Code   RO         3538    i.MemManage_Handler  stm32f4xx_it.o
    0x0800264a   0x0800264a   0x00000002   Code   RO         3539    i.NMI_Handler       stm32f4xx_it.o
    0x0800264c   0x0800264c   0x0000000c   Code   RO         3540    i.OTG_FS_IRQHandler  stm32f4xx_it.o
    0x08002658   0x08002658   0x00000002   Code   RO         3541    i.PendSV_Handler    stm32f4xx_it.o
    0x0800265a   0x0800265a   0x00000020   Code   RO         1954    i.SPI_CheckFlag_BSY  stm32f4xx_hal_spi.o
    0x0800267a   0x0800267a   0x00000096   Code   RO         1974    i.SPI_WaitFlagStateUntilTimeout  stm32f4xx_hal_spi.o
    0x08002710   0x08002710   0x00000098   Code   RO         2602    i.SPIx_Init         stm32f4_discovery.o
    0x080027a8   0x080027a8   0x00000038   Code   RO         2603    i.SPIx_WriteRead    stm32f4_discovery.o
    0x080027e0   0x080027e0   0x00000002   Code   RO         3542    i.SVC_Handler       stm32f4xx_it.o
    0x080027e2   0x080027e2   0x00000004   Code   RO         3543    i.SysTick_Handler   stm32f4xx_it.o
    0x080027e6   0x080027e6   0x00000002   PAD
    0x080027e8   0x080027e8   0x00000090   Code   RO         3463    i.SystemClock_Config  main.o
    0x08002878   0x08002878   0x00000054   Code   RO         3277    i.SystemInit        system_stm32f4xx.o
    0x080028cc   0x080028cc   0x00000034   Code   RO         3234    i.USBH_AllocPipe    usbh_pipes.o
    0x08002900   0x08002900   0x00000020   Code   RO         3162    i.USBH_BulkReceiveData  usbh_ioreq.o
    0x08002920   0x08002920   0x00000028   Code   RO         3163    i.USBH_BulkSendData  usbh_ioreq.o
    0x08002948   0x08002948   0x0000000a   Code   RO         3235    i.USBH_ClosePipe    usbh_pipes.o
    0x08002952   0x08002952   0x0000001e   Code   RO         3074    i.USBH_ClrFeature   usbh_ctlreq.o
    0x08002970   0x08002970   0x0000001e   Code   RO         3164    i.USBH_CtlReceiveData  usbh_ioreq.o
    0x0800298e   0x0800298e   0x00000036   Code   RO         3075    i.USBH_CtlReq       usbh_ctlreq.o
    0x080029c4   0x080029c4   0x00000028   Code   RO         3165    i.USBH_CtlSendData  usbh_ioreq.o
    0x080029ec   0x080029ec   0x0000001e   Code   RO         3166    i.USBH_CtlSendSetup  usbh_ioreq.o
    0x08002a0a   0x08002a0a   0x00000004   Code   RO         3320    i.USBH_Delay        usbh_conf.o
    0x08002a0e   0x08002a0e   0x00000044   Code   RO         2959    i.USBH_FindInterface  usbh_core.o
    0x08002a52   0x08002a52   0x00000018   Code   RO         3236    i.USBH_FreePipe     usbh_pipes.o
    0x08002a6a   0x08002a6a   0x00000034   Code   RO         3076    i.USBH_GetDescriptor  usbh_ctlreq.o
    0x08002a9e   0x08002a9e   0x0000000e   Code   RO         3077    i.USBH_GetNextDesc  usbh_ctlreq.o
    0x08002aac   0x08002aac   0x0000002c   Code   RO         3078    i.USBH_Get_CfgDesc  usbh_ctlreq.o
    0x08002ad8   0x08002ad8   0x00000080   Code   RO         3079    i.USBH_Get_DevDesc  usbh_ctlreq.o
    0x08002b58   0x08002b58   0x00000048   Code   RO         3080    i.USBH_Get_StringDesc  usbh_ctlreq.o
    0x08002ba0   0x08002ba0   0x0000017e   Code   RO         3081    i.USBH_HandleControl  usbh_ctlreq.o
    0x08002d1e   0x08002d1e   0x000000f2   Code   RO         2962    i.USBH_HandleEnum   usbh_core.o
    0x08002e10   0x08002e10   0x00000030   Code   RO         2963    i.USBH_Init         usbh_core.o
    0x08002e40   0x08002e40   0x0000000e   Code   RO         3321    i.USBH_LL_ClosePipe  usbh_conf.o
    0x08002e4e   0x08002e4e   0x00000028   Code   RO         2964    i.USBH_LL_Connect   usbh_core.o
    0x08002e76   0x08002e76   0x00000038   Code   RO         2965    i.USBH_LL_Disconnect  usbh_core.o
    0x08002eae   0x08002eae   0x00000002   PAD
    0x08002eb0   0x08002eb0   0x00000020   Code   RO         3323    i.USBH_LL_DriverVBUS  usbh_conf.o
    0x08002ed0   0x08002ed0   0x00000008   Code   RO         3324    i.USBH_LL_GetLastXferSize  usbh_conf.o
    0x08002ed8   0x08002ed8   0x00000022   Code   RO         3325    i.USBH_LL_GetSpeed  usbh_conf.o
    0x08002efa   0x08002efa   0x00000002   PAD
    0x08002efc   0x08002efc   0x00000020   Code   RO         3326    i.USBH_LL_GetToggle  usbh_conf.o
    0x08002f1c   0x08002f1c   0x00000008   Code   RO         3327    i.USBH_LL_GetURBState  usbh_conf.o
    0x08002f24   0x08002f24   0x0000001e   Code   RO         2966    i.USBH_LL_IncTimer  usbh_core.o
    0x08002f42   0x08002f42   0x00000002   PAD
    0x08002f44   0x08002f44   0x00000044   Code   RO         3328    i.USBH_LL_Init      usbh_conf.o
    0x08002f88   0x08002f88   0x00000018   Code   RO         3329    i.USBH_LL_OpenPipe  usbh_conf.o
    0x08002fa0   0x08002fa0   0x0000000e   Code   RO         3330    i.USBH_LL_ResetPort  usbh_conf.o
    0x08002fae   0x08002fae   0x00000006   Code   RO         2967    i.USBH_LL_SetTimer  usbh_core.o
    0x08002fb4   0x08002fb4   0x00000024   Code   RO         3331    i.USBH_LL_SetToggle  usbh_conf.o
    0x08002fd8   0x08002fd8   0x0000000e   Code   RO         3332    i.USBH_LL_Start     usbh_conf.o
    0x08002fe6   0x08002fe6   0x0000000e   Code   RO         3333    i.USBH_LL_Stop      usbh_conf.o
    0x08002ff4   0x08002ff4   0x00000020   Code   RO         3334    i.USBH_LL_SubmitURB  usbh_conf.o
    0x08003014   0x08003014   0x0000001e   Code   RO          225    i.USBH_MSC_BOT_Abort  usbh_msc_bot.o
    0x08003032   0x08003032   0x00000002   PAD
    0x08003034   0x08003034   0x00000024   Code   RO          226    i.USBH_MSC_BOT_Init  usbh_msc_bot.o
    0x08003058   0x08003058   0x000001dc   Code   RO          227    i.USBH_MSC_BOT_Process  usbh_msc_bot.o
    0x08003234   0x08003234   0x00000016   Code   RO          228    i.USBH_MSC_BOT_REQ_GetMaxLUN  usbh_msc_bot.o
    0x0800324a   0x0800324a   0x00000016   Code   RO          229    i.USBH_MSC_BOT_REQ_Reset  usbh_msc_bot.o
    0x08003260   0x08003260   0x0000006c   Code   RO            4    i.USBH_MSC_ClassRequest  usbh_msc.o
    0x080032cc   0x080032cc   0x0000002e   Code   RO            5    i.USBH_MSC_GetLUNInfo  usbh_msc.o
    0x080032fa   0x080032fa   0x0000004a   Code   RO            7    i.USBH_MSC_InterfaceDeInit  usbh_msc.o
    0x08003344   0x08003344   0x0000014c   Code   RO            8    i.USBH_MSC_InterfaceInit  usbh_msc.o
    0x08003490   0x08003490   0x00000290   Code   RO           10    i.USBH_MSC_Process  usbh_msc.o
    0x08003720   0x08003720   0x0000008e   Code   RO           11    i.USBH_MSC_RdWrProcess  usbh_msc.o
    0x080037ae   0x080037ae   0x0000008a   Code   RO           12    i.USBH_MSC_Read     usbh_msc.o
    0x08003838   0x08003838   0x000000c0   Code   RO          276    i.USBH_MSC_SCSI_Inquiry  usbh_msc_scsi.o
    0x080038f8   0x080038f8   0x0000007c   Code   RO          277    i.USBH_MSC_SCSI_Read  usbh_msc_scsi.o
    0x08003974   0x08003974   0x0000007a   Code   RO          278    i.USBH_MSC_SCSI_ReadCapacity  usbh_msc_scsi.o
    0x080039ee   0x080039ee   0x00000092   Code   RO          279    i.USBH_MSC_SCSI_RequestSense  usbh_msc_scsi.o
    0x08003a80   0x08003a80   0x0000004c   Code   RO          280    i.USBH_MSC_SCSI_TestUnitReady  usbh_msc_scsi.o
    0x08003acc   0x08003acc   0x0000007c   Code   RO          281    i.USBH_MSC_SCSI_Write  usbh_msc_scsi.o
    0x08003b48   0x08003b48   0x00000004   Code   RO           13    i.USBH_MSC_SOFProcess  usbh_msc.o
    0x08003b4c   0x08003b4c   0x00000026   Code   RO           14    i.USBH_MSC_UnitIsReady  usbh_msc.o
    0x08003b72   0x08003b72   0x0000008a   Code   RO           15    i.USBH_MSC_Write    usbh_msc.o
    0x08003bfc   0x08003bfc   0x00000014   Code   RO         3237    i.USBH_OpenPipe     usbh_pipes.o
    0x08003c10   0x08003c10   0x000000e8   Code   RO         3082    i.USBH_ParseCfgDesc  usbh_ctlreq.o
    0x08003cf8   0x08003cf8   0x00000168   Code   RO         2968    i.USBH_Process      usbh_core.o
    0x08003e60   0x08003e60   0x0000001c   Code   RO         2970    i.USBH_RegisterClass  usbh_core.o
    0x08003e7c   0x08003e7c   0x00000016   Code   RO         2971    i.USBH_SelectInterface  usbh_core.o
    0x08003e92   0x08003e92   0x0000001c   Code   RO         3083    i.USBH_SetAddress   usbh_ctlreq.o
    0x08003eae   0x08003eae   0x0000001c   Code   RO         3084    i.USBH_SetCfg       usbh_ctlreq.o
    0x08003eca   0x08003eca   0x00000014   Code   RO         2972    i.USBH_Start        usbh_core.o
    0x08003ede   0x08003ede   0x00000002   PAD
    0x08003ee0   0x08003ee0   0x0000003c   Code   RO         3464    i.USBH_UserProcess  main.o
    0x08003f1c   0x08003f1c   0x00000004   Code   RO          337    i.USBH_initialize   usbh_diskio_dma.o
    0x08003f20   0x08003f20   0x00000064   Code   RO          338    i.USBH_ioctl        usbh_diskio_dma.o
    0x08003f84   0x08003f84   0x00000084   Code   RO          339    i.USBH_read         usbh_diskio_dma.o
    0x08004008   0x08004008   0x00000018   Code   RO          340    i.USBH_status       usbh_diskio_dma.o
    0x08004020   0x08004020   0x00000090   Code   RO          341    i.USBH_write        usbh_diskio_dma.o
    0x080040b0   0x080040b0   0x0000006c   Code   RO         2258    i.USB_CoreInit      stm32f4xx_ll_usb.o
    0x0800411c   0x0800411c   0x00000038   Code   RO         2259    i.USB_CoreReset     stm32f4xx_ll_usb.o
    0x08004154   0x08004154   0x0000000c   Code   RO         2265    i.USB_DisableGlobalInt  stm32f4xx_ll_usb.o
    0x08004160   0x08004160   0x00000040   Code   RO         2266    i.USB_DoPing        stm32f4xx_ll_usb.o
    0x080041a0   0x080041a0   0x0000002c   Code   RO         2267    i.USB_DriveVbus     stm32f4xx_ll_usb.o
    0x080041cc   0x080041cc   0x0000000c   Code   RO         2273    i.USB_EnableGlobalInt  stm32f4xx_ll_usb.o
    0x080041d8   0x080041d8   0x00000020   Code   RO         2274    i.USB_FlushRxFifo   stm32f4xx_ll_usb.o
    0x080041f8   0x080041f8   0x00000024   Code   RO         2275    i.USB_FlushTxFifo   stm32f4xx_ll_usb.o
    0x0800421c   0x0800421c   0x00000008   Code   RO         2276    i.USB_GetCurrentFrame  stm32f4xx_ll_usb.o
    0x08004224   0x08004224   0x0000000e   Code   RO         2278    i.USB_GetHostSpeed  stm32f4xx_ll_usb.o
    0x08004232   0x08004232   0x00000008   Code   RO         2279    i.USB_GetMode       stm32f4xx_ll_usb.o
    0x0800423a   0x0800423a   0x00000148   Code   RO         2280    i.USB_HC_Halt       stm32f4xx_ll_usb.o
    0x08004382   0x08004382   0x00000002   PAD
    0x08004384   0x08004384   0x000000ea   Code   RO         2281    i.USB_HC_Init       stm32f4xx_ll_usb.o
    0x0800446e   0x0800446e   0x0000000c   Code   RO         2282    i.USB_HC_ReadInterrupt  stm32f4xx_ll_usb.o
    0x0800447a   0x0800447a   0x00000002   PAD
    0x0800447c   0x0800447c   0x00000188   Code   RO         2283    i.USB_HC_StartXfer  stm32f4xx_ll_usb.o
    0x08004604   0x08004604   0x000000d4   Code   RO         2284    i.USB_HostInit      stm32f4xx_ll_usb.o
    0x080046d8   0x080046d8   0x00000036   Code   RO         2285    i.USB_InitFSLSPClkSel  stm32f4xx_ll_usb.o
    0x0800470e   0x0800470e   0x00000008   Code   RO         2290    i.USB_ReadInterrupts  stm32f4xx_ll_usb.o
    0x08004716   0x08004716   0x00000020   Code   RO         2291    i.USB_ReadPacket    stm32f4xx_ll_usb.o
    0x08004736   0x08004736   0x0000002c   Code   RO         2292    i.USB_ResetPort     stm32f4xx_ll_usb.o
    0x08004762   0x08004762   0x0000002c   Code   RO         2293    i.USB_SetCurrentMode  stm32f4xx_ll_usb.o
    0x0800478e   0x0800478e   0x000000b2   Code   RO         2297    i.USB_StopHost      stm32f4xx_ll_usb.o
    0x08004840   0x08004840   0x00000028   Code   RO         2298    i.USB_WritePacket   stm32f4xx_ll_usb.o
    0x08004868   0x08004868   0x00000002   Code   RO         3544    i.UsageFault_Handler  stm32f4xx_it.o
    0x0800486a   0x0800486a   0x00000002   PAD
    0x0800486c   0x0800486c   0x00000028   Code   RO         4258    i.__0sprintf        mc_w.l(printfa.o)
    0x08004894   0x08004894   0x00000020   Code   RO          607    i.__NVIC_SetPriority  stm32f4xx_hal_cortex.o
    0x080048b4   0x080048b4   0x0000000e   Code   RO         4360    i.__scatterload_copy  mc_w.l(handlers.o)
    0x080048c2   0x080048c2   0x00000002   Code   RO         4361    i.__scatterload_null  mc_w.l(handlers.o)
    0x080048c4   0x080048c4   0x0000000e   Code   RO         4362    i.__scatterload_zeroinit  mc_w.l(handlers.o)
    0x080048d2   0x080048d2   0x00000002   PAD
    0x080048d4   0x080048d4   0x00000184   Code   RO         4263    i._fp_digits        mc_w.l(printfa.o)
    0x08004a58   0x08004a58   0x000006dc   Code   RO         4264    i._printf_core      mc_w.l(printfa.o)
    0x08005134   0x08005134   0x00000024   Code   RO         4265    i._printf_post_padding  mc_w.l(printfa.o)
    0x08005158   0x08005158   0x0000002e   Code   RO         4266    i._printf_pre_padding  mc_w.l(printfa.o)
    0x08005186   0x08005186   0x0000000a   Code   RO         4268    i._sputc            mc_w.l(printfa.o)
    0x08005190   0x08005190   0x00000070   Code   RO         3662    i.check_fs          ff.o
    0x08005200   0x08005200   0x00000010   Code   RO         3663    i.chk_chr           ff.o
    0x08005210   0x08005210   0x0000005c   Code   RO         3664    i.chk_lock          ff.o
    0x0800526c   0x0800526c   0x00000020   Code   RO         3665    i.clear_lock        ff.o
    0x0800528c   0x0800528c   0x00000024   Code   RO         3666    i.clmt_clust        ff.o
    0x080052b0   0x080052b0   0x00000018   Code   RO         3667    i.clust2sect        ff.o
    0x080052c8   0x080052c8   0x00000080   Code   RO         3668    i.cmp_lfn           ff.o
    0x08005348   0x08005348   0x000000a4   Code   RO         3669    i.create_chain      ff.o
    0x080053ec   0x080053ec   0x00000208   Code   RO         3670    i.create_name       ff.o
    0x080055f4   0x080055f4   0x00000034   Code   RO         3671    i.dec_lock          ff.o
    0x08005628   0x08005628   0x000000d0   Code   RO         3672    i.dir_find          ff.o
    0x080056f8   0x080056f8   0x000000f4   Code   RO         3673    i.dir_next          ff.o
    0x080057ec   0x080057ec   0x000001e4   Code   RO         3675    i.dir_register      ff.o
    0x080059d0   0x080059d0   0x00000082   Code   RO         3677    i.dir_sdi           ff.o
    0x08005a52   0x08005a52   0x00000002   PAD
    0x08005a54   0x08005a54   0x00000028   Code   RO         3619    i.disk_initialize   diskio.o
    0x08005a7c   0x08005a7c   0x0000001c   Code   RO         3620    i.disk_ioctl        diskio.o
    0x08005a98   0x08005a98   0x0000001c   Code   RO         3621    i.disk_read         diskio.o
    0x08005ab4   0x08005ab4   0x00000018   Code   RO         3622    i.disk_status       diskio.o
    0x08005acc   0x08005acc   0x0000001c   Code   RO         3623    i.disk_write        diskio.o
    0x08005ae8   0x08005ae8   0x00000028   Code   RO         3678    i.f_close           ff.o
    0x08005b10   0x08005b10   0x00000058   Code   RO         3684    i.f_mount           ff.o
    0x08005b68   0x08005b68   0x00000244   Code   RO         3685    i.f_open            ff.o
    0x08005dac   0x08005dac   0x0000008e   Code   RO         3691    i.f_sync            ff.o
    0x08005e3a   0x08005e3a   0x0000018e   Code   RO         3694    i.f_write           ff.o
    0x08005fc8   0x08005fc8   0x00000038   Code   RO         2558    i.ff_convert        unicode.o
    0x08006000   0x08006000   0x00000004   Code   RO         2534    i.ff_memalloc       syscall.o
    0x08006004   0x08006004   0x00000004   Code   RO         2535    i.ff_memfree        syscall.o
    0x08006008   0x08006008   0x00000080   Code   RO         2559    i.ff_wtoupper       unicode.o
    0x08006088   0x08006088   0x00000254   Code   RO         3695    i.find_volume       ff.o
    0x080062dc   0x080062dc   0x00000074   Code   RO         3696    i.follow_path       ff.o
    0x08006350   0x08006350   0x00000050   Code   RO         4284    i.free              mc_w.l(malloc.o)
    0x080063a0   0x080063a0   0x00000080   Code   RO         3697    i.gen_numname       ff.o
    0x08006420   0x08006420   0x000000be   Code   RO         3698    i.get_fat           ff.o
    0x080064de   0x080064de   0x00000004   Code   RO         3624    i.get_fattime       diskio.o
    0x080064e2   0x080064e2   0x0000003c   Code   RO         3700    i.get_ldnumber      ff.o
    0x0800651e   0x0800651e   0x00000002   PAD
    0x08006520   0x08006520   0x00000080   Code   RO         3701    i.inc_lock          ff.o
    0x080065a0   0x080065a0   0x00000026   Code   RO         3702    i.ld_clust          ff.o
    0x080065c6   0x080065c6   0x00000016   Code   RO         3703    i.ld_dword          ff.o
    0x080065dc   0x080065dc   0x0000000a   Code   RO         3704    i.ld_word           ff.o
    0x080065e6   0x080065e6   0x00000002   PAD
    0x080065e8   0x080065e8   0x00000080   Code   RO         3465    i.main              main.o
    0x08006668   0x08006668   0x0000006c   Code   RO         4285    i.malloc            mc_w.l(malloc.o)
    0x080066d4   0x080066d4   0x00000012   Code   RO         3705    i.mem_cpy           ff.o
    0x080066e6   0x080066e6   0x00000002   PAD
    0x080066e8   0x080066e8   0x0000000e   Code   RO         3706    i.mem_set           ff.o
    0x080066f6   0x080066f6   0x00000032   Code   RO         3707    i.move_window       ff.o
    0x08006728   0x08006728   0x000000ea   Code   RO         3709    i.put_fat           ff.o
    0x08006812   0x08006812   0x00000074   Code   RO         3710    i.remove_chain      ff.o
    0x08006886   0x08006886   0x00000028   Code   RO         3711    i.st_clust          ff.o
    0x080068ae   0x080068ae   0x00000010   Code   RO         3712    i.st_dword          ff.o
    0x080068be   0x080068be   0x00000008   Code   RO         3713    i.st_word           ff.o
    0x080068c6   0x080068c6   0x0000001a   Code   RO         3714    i.sum_sfn           ff.o
    0x080068e0   0x080068e0   0x00000088   Code   RO         3715    i.sync_fs           ff.o
    0x08006968   0x08006968   0x00000052   Code   RO         3716    i.sync_window       ff.o
    0x080069ba   0x080069ba   0x00000032   Code   RO         3717    i.validate          ff.o
    0x080069ec   0x080069ec   0x00000014   Data   RO          343    .constdata          usbh_diskio_dma.o
    0x08006a00   0x08006a00   0x000003ae   Data   RO         2560    .constdata          unicode.o
    0x08006dae   0x08006dae   0x0000000c   Data   RO         2605    .constdata          stm32f4_discovery.o
    0x08006dba   0x08006dba   0x00000010   Data   RO         3278    .constdata          system_stm32f4xx.o
    0x08006dca   0x08006dca   0x00000002   PAD
    0x08006dcc   0x08006dcc   0x00000032   Data   RO         3467    .constdata          main.o
    0x08006dfe   0x08006dfe   0x000000aa   Data   RO         3719    .constdata          ff.o
    0x08006ea8   0x08006ea8   0x00000004   Data   RO           16    .conststring        usbh_msc.o
    0x08006eac   0x08006eac   0x00000020   Data   RO         4358    Region$$Table       anon$$obj.o


    Execution Region RW_IRAM1 (Exec base: 0x20000000, Load base: 0x08006ecc, Size: 0x00001978, Max: 0x00020000, ABSOLUTE)

    Exec Addr    Load Addr    Size         Type   Attr      Idx    E Section Name        Object

    0x20000000   0x08006ecc   0x00000020   Data   RW           17    .data               usbh_msc.o
    0x20000020   0x08006eec   0x0000000c   Data   RW          443    .data               stm32f4xx_hal.o
    0x2000002c   0x08006ef8   0x0000001c   Data   RW         2606    .data               stm32f4_discovery.o
    0x20000048   0x08006f14   0x00000004   Data   RW         2731    .data               stm32f4_discovery_accelerometer.o
    0x2000004c   0x08006f18   0x00000034   Data   RW         2804    .data               lis302dl.o
    0x20000080   0x08006f4c   0x00000034   Data   RW         2889    .data               lis3dsh.o
    0x200000b4   0x08006f80   0x00000004   Data   RW         3280    .data               system_stm32f4xx.o
    0x200000b8   0x08006f84   0x00000005   Data   RW         3468    .data               main.o
    0x200000bd   0x08006f89   0x00000003   PAD
    0x200000c0   0x08006f8c   0x0000000c   Data   RW         3720    .data               ff.o
    0x200000cc   0x08006f98   0x00000004   Data   RW         4337    .data               mc_w.l(mvars.o)
    0x200000d0   0x08006f9c   0x00000004   Data   RW         4338    .data               mc_w.l(mvars.o)
    0x200000d4        -       0x00000200   Zero   RW          342    .bss                usbh_diskio_dma.o
    0x200002d4        -       0x000000ac   Zero   RW         2604    .bss                stm32f4_discovery.o
    0x20000380        -       0x00000298   Zero   RW         3335    .bss                usbh_conf.o
    0x20000618        -       0x0000072c   Zero   RW         3466    .bss                main.o
    0x20000d44        -       0x00000020   Zero   RW         3718    .bss                ff.o
    0x20000d64        -       0x00000010   Zero   RW         3974    .bss                ff_gen_drv.o
    0x20000d74   0x08006fa0   0x00000004   PAD
    0x20000d78        -       0x00000400   Zero   RW          328    HEAP                startup_stm32f407xx.o
    0x20001178        -       0x00000800   Zero   RW          327    STACK               startup_stm32f407xx.o


==============================================================================

Image component sizes


      Code (inc. data)   RO Data    RW Data    ZI Data      Debug   Object Name

       152         22          0          0          0       4791   diskio.o
      5568        102        170         12         32      45733   ff.o
       128          8          0          0         16       3339   ff_gen_drv.o
       486          0          0         52          0      12090   lis302dl.o
       618         22          0         52          0      12808   lis3dsh.o
       844        116         50          5       1836      37370   main.o
        36          8        392          0       3072        868   startup_stm32f407xx.o
       840        122         12         28        172      14884   stm32f4_discovery.o
       120         24          0          4          0      13597   stm32f4_discovery_accelerometer.o
       186         32          0         12          0       6290   stm32f4xx_hal.o
       198         14          0          0          0      34479   stm32f4xx_hal_cortex.o
       486         50          0          0          0       5392   stm32f4xx_hal_gpio.o
      2198          4          0          0          0      14633   stm32f4xx_hal_hcd.o
      1208         58          0          0          0       4814   stm32f4xx_hal_rcc.o
      1000          0          0          0          0       7587   stm32f4xx_hal_spi.o
        38          6          0          0          0       5685   stm32f4xx_it.o
      1972         48          0          0          0      18995   stm32f4xx_ll_usb.o
         8          0          0          0          0       1895   syscall.o
        84         18         16          4          0       1351   system_stm32f4xx.o
       184         22        942          0          0       2511   unicode.o
       540         34          0          0        664      12781   usbh_conf.o
       990         20          0          0          0      10600   usbh_core.o
      1064         12          0          0          0      10836   usbh_ctlreq.o
       404         26         20          0        512       9628   usbh_diskio_dma.o
       172          0          0          0          0       4800   usbh_ioreq.o
      1676         10          4         32          0     686489   usbh_msc.o
       586         28          0          0          0       6860   usbh_msc_bot.o
       784          0          0          0          0       6791   usbh_msc_scsi.o
       106          0          0          0          0       3742   usbh_pipes.o

    ----------------------------------------------------------------------
     22716        806       1640        204       6308    1001639   Object Totals
         0          0         32          0          0          0   (incl. Generated)
        40          0          2          3          4          0   (incl. Padding)

    ----------------------------------------------------------------------

      Code (inc. data)   RO Data    RW Data    ZI Data      Debug   Library Member Name

         0          0          0          0          0          0   entry.o
         0          0          0          0          0          0   entry10a.o
         0          0          0          0          0          0   entry11a.o
         8          4          0          0          0          0   entry2.o
         4          0          0          0          0          0   entry5.o
         0          0          0          0          0          0   entry7b.o
         0          0          0          0          0          0   entry8b.o
         8          4          0          0          0          0   entry9a.o
        30          0          0          0          0          0   handlers.o
        36          8          0          0          0         68   init.o
         0          0          0          0          0          0   iusefp.o
        30          0          0          0          0         68   llshl.o
        36          0          0          0          0         68   llsshr.o
        32          0          0          0          0         68   llushr.o
       188         20          0          0          0        160   malloc.o
        36          0          0          0          0         68   memcpya.o
        36          0          0          0          0        108   memseta.o
         0          0          0          8          0          0   mvars.o
      2276         86          0          0          0        520   printfa.o
        24          0          0          0          0         68   strcat.o
        14          0          0          0          0         68   strlen.o
        44          0          0          0          0         80   uidiv.o
        98          0          0          0          0         92   uldiv.o
        48          0          0          0          0         68   cdrcmple.o
       334          0          0          0          0        148   dadd.o
       222          0          0          0          0        100   ddiv.o
       186          0          0          0          0        176   depilogue.o
        48          0          0          0          0         68   dfixul.o
       228          0          0          0          0         96   dmul.o
        38          0          0          0          0         68   f2d.o

    ----------------------------------------------------------------------
      4008        122          0          8          0       2160   Library Totals
         4          0          0          0          0          0   (incl. Padding)

    ----------------------------------------------------------------------

      Code (inc. data)   RO Data    RW Data    ZI Data      Debug   Library Name

      2900        122          0          8          0       1436   mc_w.l
      1104          0          0          0          0        724   mf_w.l

    ----------------------------------------------------------------------
      4008        122          0          8          0       2160   Library Totals

    ----------------------------------------------------------------------

==============================================================================


      Code (inc. data)   RO Data    RW Data    ZI Data      Debug   

     26724        928       1640        212       6308     979059   Grand Totals
     26724        928       1640        212       6308     979059   ELF Image Totals
     26724        928       1640        212          0          0   ROM Totals

==============================================================================

    Total RO  Size (Code + RO Data)                28364 (  27.70kB)
    Total RW  Size (RW Data + ZI Data)              6520 (   6.37kB)
    Total ROM Size (Code + RO Data + RW Data)      28576 (  27.91kB)

==============================================================================

